Component: ARM Compiler 5.05 update 1 (build 106) Tool: armlink [4d0efa]

==============================================================================

Section Cross References

    startup_stm32f10x_hd.o(STACK) refers (Special) to heapauxi.o(.text) for __use_two_region_memory
    startup_stm32f10x_hd.o(HEAP) refers (Special) to heapauxi.o(.text) for __use_two_region_memory
    startup_stm32f10x_hd.o(RESET) refers (Special) to heapauxi.o(.text) for __use_two_region_memory
    startup_stm32f10x_hd.o(RESET) refers to startup_stm32f10x_hd.o(STACK) for __initial_sp
    startup_stm32f10x_hd.o(RESET) refers to startup_stm32f10x_hd.o(.text) for Reset_Handler
    startup_stm32f10x_hd.o(RESET) refers to stm32f10x_it.o(i.NMI_Handler) for NMI_Handler
    startup_stm32f10x_hd.o(RESET) refers to stm32f10x_it.o(i.HardFault_Handler) for HardFault_Handler
    startup_stm32f10x_hd.o(RESET) refers to stm32f10x_it.o(i.MemManage_Handler) for MemManage_Handler
    startup_stm32f10x_hd.o(RESET) refers to stm32f10x_it.o(i.BusFault_Handler) for BusFault_Handler
    startup_stm32f10x_hd.o(RESET) refers to stm32f10x_it.o(i.UsageFault_Handler) for UsageFault_Handler
    startup_stm32f10x_hd.o(RESET) refers to port.o(.emb_text) for SVC_Handler
    startup_stm32f10x_hd.o(RESET) refers to stm32f10x_it.o(i.DebugMon_Handler) for DebugMon_Handler
    startup_stm32f10x_hd.o(RESET) refers to stm32f10x_it.o(i.SysTick_Handler) for SysTick_Handler
    startup_stm32f10x_hd.o(RESET) refers to rtc.o(i.RTC_IRQHandler) for RTC_IRQHandler
    startup_stm32f10x_hd.o(RESET) refers to usart.o(i.USART1_IRQHandler) for USART1_IRQHandler
    startup_stm32f10x_hd.o(.text) refers (Special) to heapauxi.o(.text) for __use_two_region_memory
    startup_stm32f10x_hd.o(.text) refers to system_stm32f10x.o(i.SystemInit) for SystemInit
    startup_stm32f10x_hd.o(.text) refers to __main.o(!!!main) for __main
    startup_stm32f10x_hd.o(.text) refers to startup_stm32f10x_hd.o(HEAP) for Heap_Mem
    startup_stm32f10x_hd.o(.text) refers to startup_stm32f10x_hd.o(STACK) for Stack_Mem
    stm32f10x_adc.o(i.ADC_DeInit) refers to stm32f10x_rcc.o(i.RCC_APB2PeriphResetCmd) for RCC_APB2PeriphResetCmd
    stm32f10x_bkp.o(i.BKP_DeInit) refers to stm32f10x_rcc.o(i.RCC_BackupResetCmd) for RCC_BackupResetCmd
    stm32f10x_can.o(i.CAN_DeInit) refers to stm32f10x_rcc.o(i.RCC_APB1PeriphResetCmd) for RCC_APB1PeriphResetCmd
    stm32f10x_can.o(i.CAN_GetITStatus) refers to stm32f10x_can.o(i.CheckITStatus) for CheckITStatus
    stm32f10x_cec.o(i.CEC_DeInit) refers to stm32f10x_rcc.o(i.RCC_APB1PeriphResetCmd) for RCC_APB1PeriphResetCmd
    stm32f10x_dac.o(i.DAC_DeInit) refers to stm32f10x_rcc.o(i.RCC_APB1PeriphResetCmd) for RCC_APB1PeriphResetCmd
    stm32f10x_flash.o(i.FLASH_EnableWriteProtection) refers to stm32f10x_flash.o(i.FLASH_WaitForLastOperation) for FLASH_WaitForLastOperation
    stm32f10x_flash.o(i.FLASH_EraseAllBank1Pages) refers to stm32f10x_flash.o(i.FLASH_WaitForLastBank1Operation) for FLASH_WaitForLastBank1Operation
    stm32f10x_flash.o(i.FLASH_EraseAllPages) refers to stm32f10x_flash.o(i.FLASH_WaitForLastOperation) for FLASH_WaitForLastOperation
    stm32f10x_flash.o(i.FLASH_EraseOptionBytes) refers to stm32f10x_flash.o(i.FLASH_GetReadOutProtectionStatus) for FLASH_GetReadOutProtectionStatus
    stm32f10x_flash.o(i.FLASH_EraseOptionBytes) refers to stm32f10x_flash.o(i.FLASH_WaitForLastOperation) for FLASH_WaitForLastOperation
    stm32f10x_flash.o(i.FLASH_ErasePage) refers to stm32f10x_flash.o(i.FLASH_WaitForLastOperation) for FLASH_WaitForLastOperation
    stm32f10x_flash.o(i.FLASH_ProgramHalfWord) refers to stm32f10x_flash.o(i.FLASH_WaitForLastOperation) for FLASH_WaitForLastOperation
    stm32f10x_flash.o(i.FLASH_ProgramOptionByteData) refers to stm32f10x_flash.o(i.FLASH_WaitForLastOperation) for FLASH_WaitForLastOperation
    stm32f10x_flash.o(i.FLASH_ProgramWord) refers to stm32f10x_flash.o(i.FLASH_WaitForLastOperation) for FLASH_WaitForLastOperation
    stm32f10x_flash.o(i.FLASH_ReadOutProtection) refers to stm32f10x_flash.o(i.FLASH_WaitForLastOperation) for FLASH_WaitForLastOperation
    stm32f10x_flash.o(i.FLASH_UserOptionByteConfig) refers to stm32f10x_flash.o(i.FLASH_WaitForLastOperation) for FLASH_WaitForLastOperation
    stm32f10x_flash.o(i.FLASH_WaitForLastBank1Operation) refers to stm32f10x_flash.o(i.FLASH_GetBank1Status) for FLASH_GetBank1Status
    stm32f10x_flash.o(i.FLASH_WaitForLastOperation) refers to stm32f10x_flash.o(i.FLASH_GetBank1Status) for FLASH_GetBank1Status
    stm32f10x_gpio.o(i.GPIO_AFIODeInit) refers to stm32f10x_rcc.o(i.RCC_APB2PeriphResetCmd) for RCC_APB2PeriphResetCmd
    stm32f10x_gpio.o(i.GPIO_DeInit) refers to stm32f10x_rcc.o(i.RCC_APB2PeriphResetCmd) for RCC_APB2PeriphResetCmd
    stm32f10x_i2c.o(i.I2C_DeInit) refers to stm32f10x_rcc.o(i.RCC_APB1PeriphResetCmd) for RCC_APB1PeriphResetCmd
    stm32f10x_i2c.o(i.I2C_Init) refers to stm32f10x_rcc.o(i.RCC_GetClocksFreq) for RCC_GetClocksFreq
[...]
    Removing stm32f10x_tim.o(i.TIM_OC3FastConfig), (18 bytes).
    Removing stm32f10x_tim.o(i.TIM_OC3Init), (160 bytes).
    Removing stm32f10x_tim.o(i.TIM_OC3NPolarityConfig), (26 bytes).
    Removing stm32f10x_tim.o(i.TIM_OC3PolarityConfig), (26 bytes).
    Removing stm32f10x_tim.o(i.TIM_OC3PreloadConfig), (18 bytes).
    Removing stm32f10x_tim.o(i.TIM_OC4FastConfig), (26 bytes).
    Removing stm32f10x_tim.o(i.TIM_OC4Init), (124 bytes).
    Removing stm32f10x_tim.o(i.TIM_OC4PolarityConfig), (26 bytes).
    Removing stm32f10x_tim.o(i.TIM_OC4PreloadConfig), (26 bytes).
    Removing stm32f10x_tim.o(i.TIM_OCStructInit), (20 bytes).
    Removing stm32f10x_tim.o(i.TIM_PWMIConfig), (124 bytes).
    Removing stm32f10x_tim.o(i.TIM_PrescalerConfig), (6 bytes).
    Removing stm32f10x_tim.o(i.TIM_SelectCCDMA), (24 bytes).
    Removing stm32f10x_tim.o(i.TIM_SelectCOM), (24 bytes).
    Removing stm32f10x_tim.o(i.TIM_SelectHallSensor), (24 bytes).
    Removing stm32f10x_tim.o(i.TIM_SelectInputTrigger), (18 bytes).
    Removing stm32f10x_tim.o(i.TIM_SelectMasterSlaveMode), (18 bytes).
    Removing stm32f10x_tim.o(i.TIM_SelectOCxM), (82 bytes).
    Removing stm32f10x_tim.o(i.TIM_SelectOnePulseMode), (18 bytes).
    Removing stm32f10x_tim.o(i.TIM_SelectOutputTrigger), (18 bytes).
    Removing stm32f10x_tim.o(i.TIM_SelectSlaveMode), (18 bytes).
    Removing stm32f10x_tim.o(i.TIM_SetAutoreload), (4 bytes).
    Removing stm32f10x_tim.o(i.TIM_SetClockDivision), (18 bytes).
    Removing stm32f10x_tim.o(i.TIM_SetCompare1), (4 bytes).
    Removing stm32f10x_tim.o(i.TIM_SetCompare2), (4 bytes).
    Removing stm32f10x_tim.o(i.TIM_SetCompare3), (4 bytes).
    Removing stm32f10x_tim.o(i.TIM_SetCompare4), (6 bytes).
    Removing stm32f10x_tim.o(i.TIM_SetCounter), (4 bytes).
    Removing stm32f10x_tim.o(i.TIM_SetIC1Prescaler), (18 bytes).
    Removing stm32f10x_tim.o(i.TIM_SetIC2Prescaler), (26 bytes).
    Removing stm32f10x_tim.o(i.TIM_SetIC3Prescaler), (18 bytes).
    Removing stm32f10x_tim.o(i.TIM_SetIC4Prescaler), (26 bytes).
    Removing stm32f10x_tim.o(i.TIM_TIxExternalClockConfig), (62 bytes).
    Removing stm32f10x_tim.o(i.TIM_TimeBaseInit), (164 bytes).
    Removing stm32f10x_tim.o(i.TIM_TimeBaseStructInit), (18 bytes).
    Removing stm32f10x_tim.o(i.TIM_UpdateDisableConfig), (24 bytes).
    Removing stm32f10x_tim.o(i.TIM_UpdateRequestConfig), (24 bytes).
    Removing stm32f10x_usart.o(i.USART_ClearFlag), (18 bytes).
    Removing stm32f10x_usart.o(i.USART_ClearITPendingBit), (30 bytes).
    Removing stm32f10x_usart.o(i.USART_ClockInit), (34 bytes).
    Removing stm32f10x_usart.o(i.USART_ClockStructInit), (12 bytes).
    Removing stm32f10x_usart.o(i.USART_DMACmd), (18 bytes).
    Removing stm32f10x_usart.o(i.USART_DeInit), (156 bytes).
    Removing stm32f10x_usart.o(i.USART_GetFlagStatus), (26 bytes).
    Removing stm32f10x_usart.o(i.USART_HalfDuplexCmd), (24 bytes).
    Removing stm32f10x_usart.o(i.USART_IrDACmd), (24 bytes).
    Removing stm32f10x_usart.o(i.USART_IrDAConfig), (18 bytes).
    Removing stm32f10x_usart.o(i.USART_LINBreakDetectLengthConfig), (18 bytes).
    Removing stm32f10x_usart.o(i.USART_LINCmd), (24 bytes).
    Removing stm32f10x_usart.o(i.USART_OneBitMethodCmd), (24 bytes).
    Removing stm32f10x_usart.o(i.USART_OverSampling8Cmd), (22 bytes).
    Removing stm32f10x_usart.o(i.USART_ReceiverWakeUpCmd), (24 bytes).
    Removing stm32f10x_usart.o(i.USART_SendBreak), (10 bytes).
    Removing stm32f10x_usart.o(i.USART_SendData), (8 bytes).
    Removing stm32f10x_usart.o(i.USART_SetAddress), (18 bytes).
    Removing stm32f10x_usart.o(i.USART_SetGuardTime), (16 bytes).
    Removing stm32f10x_usart.o(i.USART_SetPrescaler), (16 bytes).
    Removing stm32f10x_usart.o(i.USART_SmartCardCmd), (24 bytes).
    Removing stm32f10x_usart.o(i.USART_SmartCardNACKCmd), (24 bytes).
    Removing stm32f10x_usart.o(i.USART_StructInit), (24 bytes).
    Removing stm32f10x_usart.o(i.USART_WakeUpConfig), (18 bytes).
    Removing stm32f10x_wwdg.o(i.WWDG_ClearFlag), (12 bytes).
    Removing stm32f10x_wwdg.o(i.WWDG_DeInit), (22 bytes).
    Removing stm32f10x_wwdg.o(i.WWDG_Enable), (16 bytes).
    Removing stm32f10x_wwdg.o(i.WWDG_EnableIT), (12 bytes).
    Removing stm32f10x_wwdg.o(i.WWDG_GetFlagStatus), (12 bytes).
    Removing stm32f10x_wwdg.o(i.WWDG_SetCounter), (16 bytes).
    Removing stm32f10x_wwdg.o(i.WWDG_SetPrescaler), (24 bytes).
    Removing stm32f10x_wwdg.o(i.WWDG_SetWindowValue), (40 bytes).
    Removing system_stm32f10x.o(i.SystemCoreClockUpdate), (164 bytes).
    Removing event_groups.o(i.prvTestWaitCondition), (30 bytes).
    Removing event_groups.o(i.uxEventGroupGetNumber), (14 bytes).
    Removing event_groups.o(i.vEventGroupClearBitsCallback), (16 bytes).
    Removing event_groups.o(i.vEventGroupDelete), (82 bytes).
    Removing event_groups.o(i.vEventGroupSetBitsCallback), (16 bytes).
    Removing event_groups.o(i.xEventGroupClearBits), (92 bytes).
    Removing event_groups.o(i.xEventGroupCreate), (26 bytes).
    Removing event_groups.o(i.xEventGroupGetBitsFromISR), (44 bytes).
    Removing event_groups.o(i.xEventGroupSetBits), (206 bytes).
    Removing event_groups.o(i.xEventGroupSync), (268 bytes).
    Removing event_groups.o(i.xEventGroupWaitBits), (340 bytes).
    Removing queue.o(i.pcQueueGetName), (44 bytes).
    Removing queue.o(i.prvCopyDataFromQueue), (42 bytes).
    Removing queue.o(i.prvCopyDataToQueue), (124 bytes).
    Removing queue.o(i.prvInitialiseMutex), (28 bytes).
    Removing queue.o(i.prvInitialiseNewQueue), (42 bytes).
    Removing queue.o(i.prvIsQueueEmpty), (26 bytes).
    Removing queue.o(i.prvIsQueueFull), (30 bytes).
    Removing queue.o(i.prvUnlockQueue), (126 bytes).
    Removing queue.o(i.ucQueueGetQueueType), (8 bytes).
    Removing queue.o(i.uxQueueGetQueueNumber), (6 bytes).
    Removing queue.o(i.uxQueueMessagesWaiting), (42 bytes).
    Removing queue.o(i.uxQueueMessagesWaitingFromISR), (30 bytes).
    Removing queue.o(i.uxQueueSpacesAvailable), (48 bytes).
    Removing queue.o(i.vQueueAddToRegistry), (44 bytes).
    Removing queue.o(i.vQueueDelete), (44 bytes).
    Removing queue.o(i.vQueueSetQueueNumber), (4 bytes).
    Removing queue.o(i.vQueueUnregisterQueue), (48 bytes).
    Removing queue.o(i.xQueueCreateCountingSemaphore), (92 bytes).
    Removing queue.o(i.xQueueCreateMutex), (34 bytes).
    Removing queue.o(i.xQueueGenericCreate), (88 bytes).
    Removing queue.o(i.xQueueGenericReceive), (452 bytes).
    Removing queue.o(i.xQueueGenericReset), (152 bytes).
    Removing queue.o(i.xQueueGenericSend), (424 bytes).
    Removing queue.o(i.xQueueGenericSendFromISR), (248 bytes).
    Removing queue.o(i.xQueueGiveFromISR), (224 bytes).
    Removing queue.o(i.xQueueGiveMutexRecursive), (72 bytes).
    Removing queue.o(i.xQueueIsQueueEmptyFromISR), (38 bytes).
    Removing queue.o(i.xQueueIsQueueFullFromISR), (42 bytes).
    Removing queue.o(i.xQueuePeekFromISR), (176 bytes).
    Removing queue.o(i.xQueueReceiveFromISR), (202 bytes).
    Removing queue.o(i.xQueueTakeMutexRecursive), (82 bytes).
    Removing queue.o(.bss), (64 bytes).
    Removing tasks.o(i.eTaskGetState), (132 bytes).
    Removing tasks.o(i.pcTaskGetName), (48 bytes).
    Removing tasks.o(i.prvListTasksWithinSingleList), (106 bytes).
    Removing tasks.o(i.prvTaskCheckFreeStackSpace), (22 bytes).
    Removing tasks.o(i.prvTaskIsTaskSuspended), (88 bytes).
    Removing tasks.o(i.pvTaskIncrementMutexHeldCount), (32 bytes).
    Removing tasks.o(i.ulTaskNotifyTake), (116 bytes).
    Removing tasks.o(i.uxTaskGetNumberOfTasks), (12 bytes).
    Removing tasks.o(i.uxTaskGetSystemState), (176 bytes).
    Removing tasks.o(i.uxTaskGetTaskNumber), (14 bytes).
    Removing tasks.o(i.uxTaskPriorityGet), (36 bytes).
    Removing tasks.o(i.uxTaskPriorityGetFromISR), (68 bytes).
    Removing tasks.o(i.uxTaskResetEventItemValue), (28 bytes).
    Removing tasks.o(i.vTaskEndScheduler), (36 bytes).
    Removing tasks.o(i.vTaskGetInfo), (120 bytes).
    Removing tasks.o(i.vTaskMissedYield), (12 bytes).
    Removing tasks.o(i.vTaskNotifyGiveFromISR), (240 bytes).
    Removing tasks.o(i.vTaskPlaceOnEventList), (56 bytes).
    Removing tasks.o(i.vTaskPlaceOnUnorderedEventList), (108 bytes).
    Removing tasks.o(i.vTaskPriorityInherit), (176 bytes).
    Removing tasks.o(i.vTaskPrioritySet), (276 bytes).
    Removing tasks.o(i.vTaskResume), (144 bytes).
    Removing tasks.o(i.vTaskSetTaskNumber), (8 bytes).
    Removing tasks.o(i.vTaskSetTimeOutState), (48 bytes).
    Removing tasks.o(i.vTaskSuspend), (228 bytes).
    Removing tasks.o(i.xTaskCheckForTimeOut), (140 bytes).
    Removing tasks.o(i.xTaskGenericNotify), (260 bytes).
    Removing tasks.o(i.xTaskGenericNotifyFromISR), (324 bytes).
    Removing tasks.o(i.xTaskGetCurrentTaskHandle), (12 bytes).
    Removing tasks.o(i.xTaskGetTickCount), (12 bytes).
    Removing tasks.o(i.xTaskGetTickCountFromISR), (20 bytes).
    Removing tasks.o(i.xTaskNotifyStateClear), (52 bytes).
    Removing tasks.o(i.xTaskNotifyWait), (160 bytes).
    Removing tasks.o(i.xTaskPriorityDisinherit), (200 bytes).
    Removing tasks.o(i.xTaskRemoveFromEventList), (152 bytes).
    Removing tasks.o(i.xTaskRemoveFromUnorderedEventList), (176 bytes).
    Removing tasks.o(i.xTaskResumeFromISR), (180 bytes).
    Removing heap_4.o(i.vPortInitialiseBlocks), (2 bytes).
    Removing heap_4.o(i.xPortGetFreeHeapSize), (12 bytes).
    Removing heap_4.o(i.xPortGetMinimumEverFreeHeapSize), (12 bytes).
    Removing port.o(i.vPortEndScheduler), (48 bytes).
    Removing port.o(i.vPortValidateInterruptPriority), (120 bytes).
    Removing led.o(i.Relay_Init), (48 bytes).
    Removing rtc.o(i.RTC_Alarm_Set), (200 bytes).
    Removing sys.o(.emb_text), (6 bytes).
    Removing sys.o(i.INTX_DISABLE), (4 bytes).
    Removing sys.o(i.INTX_ENABLE), (4 bytes).
    Removing sys.o(i.WFI_SET), (4 bytes).
    Removing usart.o(.bss), (200 bytes).

534 unused section(s) (total 26676 bytes) removed from the image.

==============================================================================

Image Symbol Table

    Local Symbols

    Symbol Name                              Value     Ov Type        Size  Object(Section)

    ../clib/angel/boardlib.s                 0x00000000   Number         0  boardinit1.o ABSOLUTE
    ../clib/angel/boardlib.s                 0x00000000   Number         0  boardinit2.o ABSOLUTE
    ../clib/angel/boardlib.s                 0x00000000   Number         0  boardshut.o ABSOLUTE
    ../clib/angel/boardlib.s                 0x00000000   Number         0  boardinit3.o ABSOLUTE
    ../clib/angel/handlers.s                 0x00000000   Number         0  __scatter_zi.o ABSOLUTE
    ../clib/angel/handlers.s                 0x00000000   Number         0  __scatter_copy.o ABSOLUTE
    ../clib/angel/kernel.s                   0x00000000   Number         0  __rtentry4.o ABSOLUTE
    ../clib/angel/kernel.s                   0x00000000   Number         0  __rtentry.o ABSOLUTE
    ../clib/angel/kernel.s                   0x00000000   Number         0  rtexit.o ABSOLUTE
    ../clib/angel/kernel.s                   0x00000000   Number         0  __rtentry2.o ABSOLUTE
    ../clib/angel/kernel.s                   0x00000000   Number         0  rtexit2.o ABSOLUTE
    ../clib/angel/rt.s                       0x00000000   Number         0  rt_raise.o ABSOLUTE
    ../clib/angel/scatter.s                  0x00000000   Number         0  __scatter.o ABSOLUTE
    ../clib/angel/startup.s                  0x00000000   Number         0  __main.o ABSOLUTE
    ../clib/angel/sys.s                      0x00000000   Number         0  indicate_semi.o ABSOLUTE
    ../clib/angel/sys.s                      0x00000000   Number         0  use_no_semi_2.o ABSOLUTE
    ../clib/angel/sys.s                      0x00000000   Number         0  sys_stackheap_outer.o ABSOLUTE
    ../clib/angel/sys.s                      0x00000000   Number         0  use_no_semi.o ABSOLUTE
    ../clib/angel/sys.s                      0x00000000   Number         0  libspace.o ABSOLUTE
    ../clib/angel/sysapp.c                   0x00000000   Number         0  sys_command.o ABSOLUTE
    ../clib/angel/sysapp.c                   0x00000000   Number         0  sys_wrch.o ABSOLUTE
    ../clib/armsys.c                         0x00000000   Number         0  no_argv.o ABSOLUTE
    ../clib/armsys.c                         0x00000000   Number         0  _get_argv_nomalloc.o ABSOLUTE
    ../clib/armsys.c                         0x00000000   Number         0  argv_veneer.o ABSOLUTE
    ../clib/armsys.c                         0x00000000   Number         0  argv_veneer.o ABSOLUTE
    ../clib/heapalloc.c                      0x00000000   Number         0  hrguard.o ABSOLUTE
    ../clib/heapaux.c                        0x00000000   Number         0  heapauxi.o ABSOLUTE
    ../clib/libinit.s                        0x00000000   Number         0  libshutdown2.o ABSOLUTE
    ../clib/libinit.s                        0x00000000   Number         0  libinit2.o ABSOLUTE
    ../clib/libinit.s                        0x00000000   Number         0  libshutdown.o ABSOLUTE
    ../clib/libinit.s                        0x00000000   Number         0  libinit.o ABSOLUTE
    ../clib/memcpset.s                       0x00000000   Number         0  rt_memclr.o ABSOLUTE
    ../clib/memcpset.s                       0x00000000   Number         0  aeabi_memset.o ABSOLUTE
    ../clib/memcpset.s                       0x00000000   Number         0  rt_memclr_w.o ABSOLUTE
    ../clib/memcpset.s                       0x00000000   Number         0  rt_memcpy_v6.o ABSOLUTE
    ../clib/memcpset.s                       0x00000000   Number         0  rt_memcpy_w.o ABSOLUTE
    ../clib/printf.c                         0x00000000   Number         0  _printf_char_common.o ABSOLUTE
    ../clib/printf.c                         0x00000000   Number         0  _printf_char_file.o ABSOLUTE
    ../clib/printf.c                         0x00000000   Number         0  __printf_nopercent.o ABSOLUTE
    ../clib/printf.c                         0x00000000   Number         0  __2printf.o ABSOLUTE
    ../clib/printf.c                         0x00000000   Number         0  noretval__2printf.o ABSOLUTE
    ../clib/signal.c                         0x00000000   Number         0  defsig_other.o ABSOLUTE
    ../clib/signal.c                         0x00000000   Number         0  defsig_segv_inner.o ABSOLUTE
    ../clib/signal.c                         0x00000000   Number         0  defsig_cppl_inner.o ABSOLUTE
    ../clib/signal.c                         0x00000000   Number         0  defsig_pvfn_inner.o ABSOLUTE
    ../clib/signal.c                         0x00000000   Number         0  defsig_stak_inner.o ABSOLUTE
    ../clib/signal.c                         0x00000000   Number         0  defsig_rtred_inner.o ABSOLUTE
    ../clib/signal.c                         0x00000000   Number         0  defsig_fpe_inner.o ABSOLUTE
    ../clib/signal.c                         0x00000000   Number         0  defsig_rtmem_formal.o ABSOLUTE
    ../clib/signal.c                         0x00000000   Number         0  defsig_general.o ABSOLUTE
    ../clib/signal.c                         0x00000000   Number         0  defsig_rtmem_inner.o ABSOLUTE
    ../clib/signal.c                         0x00000000   Number         0  __raise.o ABSOLUTE
    ../clib/signal.c                         0x00000000   Number         0  defsig_exit.o ABSOLUTE
    ../clib/signal.c                         0x00000000   Number         0  defsig_rtmem_outer.o ABSOLUTE
    ../clib/signal.c                         0x00000000   Number         0  defsig_abrt_inner.o ABSOLUTE
    ../clib/signal.s                         0x00000000   Number         0  defsig.o ABSOLUTE
    ../clib/stdio.c                          0x00000000   Number         0  ferror_locked.o ABSOLUTE
    ../clib/stdio.c                          0x00000000   Number         0  ferror.o ABSOLUTE
    ../clib/stdlib.c                         0x00000000   Number         0  exit.o ABSOLUTE
    ../fplib/fpinit.s                        0x00000000   Number         0  fpinit.o ABSOLUTE
    ..\STM32_lib\CORE\core_cm3.c             0x00000000   Number         0  core_cm3.o ABSOLUTE
    ..\STM32_lib\CORE\startup_stm32f10x_hd.s 0x00000000   Number         0  startup_stm32f10x_hd.o ABSOLUTE
    ..\STM32_lib\src\misc.c                  0x00000000   Number         0  misc.o ABSOLUTE
    ..\STM32_lib\src\stm32f10x_adc.c         0x00000000   Number         0  stm32f10x_adc.o ABSOLUTE
    ..\STM32_lib\src\stm32f10x_bkp.c         0x00000000   Number         0  stm32f10x_bkp.o ABSOLUTE
    ..\STM32_lib\src\stm32f10x_can.c         0x00000000   Number         0  stm32f10x_can.o ABSOLUTE
    ..\STM32_lib\src\stm32f10x_cec.c         0x00000000   Number         0  stm32f10x_cec.o ABSOLUTE
    ..\STM32_lib\src\stm32f10x_crc.c         0x00000000   Number         0  stm32f10x_crc.o ABSOLUTE
    ..\STM32_lib\src\stm32f10x_dac.c         0x00000000   Number         0  stm32f10x_dac.o ABSOLUTE
    ..\STM32_lib\src\stm32f10x_dbgmcu.c      0x00000000   Number         0  stm32f10x_dbgmcu.o ABSOLUTE
    ..\STM32_lib\src\stm32f10x_dma.c         0x00000000   Number         0  stm32f10x_dma.o ABSOLUTE
    ..\STM32_lib\src\stm32f10x_exti.c        0x00000000   Number         0  stm32f10x_exti.o ABSOLUTE
    ..\STM32_lib\src\stm32f10x_flash.c       0x00000000   Number         0  stm32f10x_flash.o ABSOLUTE
    ..\STM32_lib\src\stm32f10x_fsmc.c        0x00000000   Number         0  stm32f10x_fsmc.o ABSOLUTE
    ..\STM32_lib\src\stm32f10x_gpio.c        0x00000000   Number         0  stm32f10x_gpio.o ABSOLUTE
    ..\STM32_lib\src\stm32f10x_i2c.c         0x00000000   Number         0  stm32f10x_i2c.o ABSOLUTE
    ..\STM32_lib\src\stm32f10x_iwdg.c        0x00000000   Number         0  stm32f10x_iwdg.o ABSOLUTE
    ..\STM32_lib\src\stm32f10x_pwr.c         0x00000000   Number         0  stm32f10x_pwr.o ABSOLUTE
    ..\STM32_lib\src\stm32f10x_rcc.c         0x00000000   Number         0  stm32f10x_rcc.o ABSOLUTE
    ..\STM32_lib\src\stm32f10x_rtc.c         0x00000000   Number         0  stm32f10x_rtc.o ABSOLUTE
    ..\STM32_lib\src\stm32f10x_sdio.c        0x00000000   Number         0  stm32f10x_sdio.o ABSOLUTE
    ..\STM32_lib\src\stm32f10x_spi.c         0x00000000   Number         0  stm32f10x_spi.o ABSOLUTE
    ..\STM32_lib\src\stm32f10x_tim.c         0x00000000   Number         0  stm32f10x_tim.o ABSOLUTE
    ..\STM32_lib\src\stm32f10x_usart.c       0x00000000   Number         0  stm32f10x_usart.o ABSOLUTE
    ..\STM32_lib\src\stm32f10x_wwdg.c        0x00000000   Number         0  stm32f10x_wwdg.o ABSOLUTE
    ..\STM32_lib\user_layer\stm32f10x_it.c   0x00000000   Number         0  stm32f10x_it.o ABSOLUTE
    ..\STM32_lib\user_layer\system_stm32f10x.c 0x00000000   Number         0  system_stm32f10x.o ABSOLUTE
    ..\\STM32_lib\\CORE\\core_cm3.c          0x00000000   Number         0  core_cm3.o ABSOLUTE
    ..\\component\\FreeRTOS\\Source\\portable\\RVDS\\ARM_CM3\\port.c 0x00000000   Number         0  port.o ABSOLUTE
    ..\\component\\sys\\sys.c                0x00000000   Number         0  sys.o ABSOLUTE
    ..\component\FreeRTOS\Source\croutine.c  0x00000000   Number         0  croutine.o ABSOLUTE
    ..\component\FreeRTOS\Source\event_groups.c 0x00000000   Number         0  event_groups.o ABSOLUTE
    ..\component\FreeRTOS\Source\list.c      0x00000000   Number         0  list.o ABSOLUTE
    ..\component\FreeRTOS\Source\portable\MemMang\heap_4.c 0x00000000   Number         0  heap_4.o ABSOLUTE
    ..\component\FreeRTOS\Source\portable\RVDS\ARM_CM3\port.c 0x00000000   Number         0  port.o ABSOLUTE
    ..\component\FreeRTOS\Source\queue.c     0x00000000   Number         0  queue.o ABSOLUTE
    ..\component\FreeRTOS\Source\tasks.c     0x00000000   Number         0  tasks.o ABSOLUTE
    ..\component\FreeRTOS\Source\timers.c    0x00000000   Number         0  timers.o ABSOLUTE
    ..\component\LED\led.c                   0x00000000   Number         0  led.o ABSOLUTE
    ..\component\RTC\rtc.c                   0x00000000   Number         0  rtc.o ABSOLUTE
    ..\component\delay\delay.c               0x00000000   Number         0  delay.o ABSOLUTE
    ..\component\sys\sys.c                   0x00000000   Number         0  sys.o ABSOLUTE
    ..\component\usart\usart.c               0x00000000   Number         0  usart.o ABSOLUTE
    ..\main\main.c                           0x00000000   Number         0  main.o ABSOLUTE
    dc.s                                     0x00000000   Number         0  dc.o ABSOLUTE
    RESET                                    0x08000000   Section      304  startup_stm32f10x_hd.o(RESET)
    !!!main                                  0x08000130   Section        8  __main.o(!!!main)
    !!!scatter                               0x08000138   Section       52  __scatter.o(!!!scatter)
    !!handler_copy                           0x0800016c   Section       26  __scatter_copy.o(!!handler_copy)
    !!handler_zi                             0x08000188   Section       28  __scatter_zi.o(!!handler_zi)
    .ARM.Collect$$libinit$$00000000          0x080001a4   Section        2  libinit.o(.ARM.Collect$$libinit$$00000000)
    .ARM.Collect$$libinit$$00000002          0x080001a6   Section        0  libinit2.o(.ARM.Collect$$libinit$$00000002)
    .ARM.Collect$$libinit$$00000004          0x080001a6   Section        0  libinit2.o(.ARM.Collect$$libinit$$00000004)
    .ARM.Collect$$libinit$$0000000A          0x080001a6   Section        0  libinit2.o(.ARM.Collect$$libinit$$0000000A)
    .ARM.Collect$$libinit$$0000000C          0x080001a6   Section        0  libinit2.o(.ARM.Collect$$libinit$$0000000C)
    .ARM.Collect$$libinit$$0000000E          0x080001a6   Section        0  libinit2.o(.ARM.Collect$$libinit$$0000000E)
    .ARM.Collect$$libinit$$00000011          0x080001a6   Section        0  libinit2.o(.ARM.Collect$$libinit$$00000011)
    .ARM.Collect$$libinit$$00000013          0x080001a6   Section        0  libinit2.o(.ARM.Collect$$libinit$$00000013)
    .ARM.Collect$$libinit$$00000015          0x080001a6   Section        0  libinit2.o(.ARM.Collect$$libinit$$00000015)
    .ARM.Collect$$libinit$$00000017          0x080001a6   Section        0  libinit2.o(.ARM.Collect$$libinit$$00000017)
    .ARM.Collect$$libinit$$00000019          0x080001a6   Section        0  libinit2.o(.ARM.Collect$$libinit$$00000019)
    .ARM.Collect$$libinit$$0000001B          0x080001a6   Section        0  libinit2.o(.ARM.Collect$$libinit$$0000001B)
    .ARM.Collect$$libinit$$0000001D          0x080001a6   Section        0  libinit2.o(.ARM.Collect$$libinit$$0000001D)
    .ARM.Collect$$libinit$$0000001F          0x080001a6   Section        0  libinit2.o(.ARM.Collect$$libinit$$0000001F)
    .ARM.Collect$$libinit$$00000021          0x080001a6   Section        0  libinit2.o(.ARM.Collect$$libinit$$00000021)
    .ARM.Collect$$libinit$$00000023          0x080001a6   Section        0  libinit2.o(.ARM.Collect$$libinit$$00000023)
    .ARM.Collect$$libinit$$00000025          0x080001a6   Section        0  libinit2.o(.ARM.Collect$$libinit$$00000025)
    .ARM.Collect$$libinit$$0000002C          0x080001a6   Section        0  libinit2.o(.ARM.Collect$$libinit$$0000002C)
    .ARM.Collect$$libinit$$0000002E          0x080001a6   Section        0  libinit2.o(.ARM.Collect$$libinit$$0000002E)
    .ARM.Collect$$libinit$$00000030          0x080001a6   Section        0  libinit2.o(.ARM.Collect$$libinit$$00000030)
    .ARM.Collect$$libinit$$00000032          0x080001a6   Section        0  libinit2.o(.ARM.Collect$$libinit$$00000032)
    .ARM.Collect$$libinit$$00000033          0x080001a6   Section        2  libinit2.o(.ARM.Collect$$libinit$$00000033)
    .ARM.Collect$$libshutdown$$00000000      0x080001a8   Section        2  libshutdown.o(.ARM.Collect$$libshutdown$$00000000)
    .ARM.Collect$$libshutdown$$00000003      0x080001aa   Section        0  libshutdown2.o(.ARM.Collect$$libshutdown$$00000003)
    .ARM.Collect$$libshutdown$$00000006      0x080001aa   Section        0  libshutdown2.o(.ARM.Collect$$libshutdown$$00000006)
    .ARM.Collect$$libshutdown$$00000009      0x080001aa   Section        0  libshutdown2.o(.ARM.Collect$$libshutdown$$00000009)
    .ARM.Collect$$libshutdown$$0000000B      0x080001aa   Section        0  libshutdown2.o(.ARM.Collect$$libshutdown$$0000000B)
    .ARM.Collect$$libshutdown$$0000000E      0x080001aa   Section        0  libshutdown2.o(.ARM.Collect$$libshutdown$$0000000E)
    .ARM.Collect$$libshutdown$$0000000F      0x080001aa   Section        2  libshutdown2.o(.ARM.Collect$$libshutdown$$0000000F)
    .ARM.Collect$$rtentry$$00000000          0x080001ac   Section        0  __rtentry.o(.ARM.Collect$$rtentry$$00000000)
    .ARM.Collect$$rtentry$$00000002          0x080001ac   Section        0  __rtentry2.o(.ARM.Collect$$rtentry$$00000002)
    .ARM.Collect$$rtentry$$00000004          0x080001ac   Section        6  __rtentry4.o(.ARM.Collect$$rtentry$$00000004)
    .ARM.Collect$$rtentry$$00000009          0x080001b2   Section        0  __rtentry2.o(.ARM.Collect$$rtentry$$00000009)
    .ARM.Collect$$rtentry$$0000000A          0x080001b2   Section        4  __rtentry2.o(.ARM.Collect$$rtentry$$0000000A)
    .ARM.Collect$$rtentry$$0000000C          0x080001b6   Section        0  __rtentry2.o(.ARM.Collect$$rtentry$$0000000C)
    .ARM.Collect$$rtentry$$0000000D          0x080001b6   Section        8  __rtentry2.o(.ARM.Collect$$rtentry$$0000000D)
    .ARM.Collect$$rtexit$$00000000           0x080001be   Section        2  rtexit.o(.ARM.Collect$$rtexit$$00000000)
    .ARM.Collect$$rtexit$$00000002           0x080001c0   Section        0  rtexit2.o(.ARM.Collect$$rtexit$$00000002)
    .ARM.Collect$$rtexit$$00000003           0x080001c0   Section        4  rtexit2.o(.ARM.Collect$$rtexit$$00000003)
    .ARM.Collect$$rtexit$$00000004           0x080001c4   Section        6  rtexit2.o(.ARM.Collect$$rtexit$$00000004)
    .emb_text                                0x080001cc   Section      150  port.o(.emb_text)
    .text                                    0x08000264   Section       64  startup_stm32f10x_hd.o(.text)
    .text                                    0x080002a4   Section        2  use_no_semi_2.o(.text)
    .text                                    0x080002a8   Section        0  noretval__2printf.o(.text)
    .text                                    0x080002c0   Section       16  aeabi_memset.o(.text)
    .text                                    0x080002d0   Section        0  heapauxi.o(.text)
    .text                                    0x080002d6   Section        2  use_no_semi.o(.text)
    .text                                    0x080002d8   Section        0  _printf_char_file.o(.text)
    .text                                    0x080002fc   Section       68  rt_memclr.o(.text)
    .text                                    0x08000340   Section        0  _printf_char_common.o(.text)
    _printf_input_char                       0x08000341   Thumb Code    10  _printf_char_common.o(.text)
    .text                                    0x08000370   Section        0  ferror.o(.text)
    .text                                    0x08000378   Section       78  rt_memclr_w.o(.text)
    .text                                    0x080003c6   Section       74  sys_stackheap_outer.o(.text)
    .text                                    0x08000410   Section        0  __printf_nopercent.o(.text)
    .text                                    0x08000438   Section        0  exit.o(.text)
    .text                                    0x08000444   Section        8  libspace.o(.text)
    i.BKP_DeInit                             0x0800044c   Section        0  stm32f10x_bkp.o(i.BKP_DeInit)
    i.BKP_ReadBackupRegister                 0x0800045c   Section        0  stm32f10x_bkp.o(i.BKP_ReadBackupRegister)
    i.BKP_WriteBackupRegister                0x08000478   Section        0  stm32f10x_bkp.o(i.BKP_WriteBackupRegister)
    i.BusFault_Handler                       0x08000494   Section        0  stm32f10x_it.o(i.BusFault_Handler)
    i.DebugMon_Handler                       0x08000498   Section        0  stm32f10x_it.o(i.DebugMon_Handler)
    i.GPIO_Init                              0x0800049a   Section        0  stm32f10x_gpio.o(i.GPIO_Init)
    i.GPIO_SetBits                           0x080005b0   Section        0  stm32f10x_gpio.o(i.GPIO_SetBits)
    i.HardFault_Handler                      0x080005b4   Section        0  stm32f10x_it.o(i.HardFault_Handler)
    i.Is_Leap_Year                           0x080005b8   Section        0  rtc.o(i.Is_Leap_Year)
    i.LED_Init                               0x080005f4   Section        0  led.o(i.LED_Init)
    i.LED_task                               0x0800062c   Section        0  led.o(i.LED_task)
    i.MemManage_Handler                      0x08000658   Section        0  stm32f10x_it.o(i.MemManage_Handler)
    i.NMI_Handler                            0x0800065c   Section        0  stm32f10x_it.o(i.NMI_Handler)
    i.NVIC_Init                              0x08000660   Section        0  misc.o(i.NVIC_Init)
    i.NVIC_PriorityGroupConfig               0x080006d0   Section        0  misc.o(i.NVIC_PriorityGroupConfig)
    i.PWR_BackupAccessCmd                    0x080006e4   Section        0  stm32f10x_pwr.o(i.PWR_BackupAccessCmd)
    i.RCC_APB1PeriphClockCmd                 0x080006f0   Section        0  stm32f10x_rcc.o(i.RCC_APB1PeriphClockCmd)
    i.RCC_APB2PeriphClockCmd                 0x08000710   Section        0  stm32f10x_rcc.o(i.RCC_APB2PeriphClockCmd)
    i.RCC_BackupResetCmd                     0x08000730   Section        0  stm32f10x_rcc.o(i.RCC_BackupResetCmd)
    i.RCC_GetClocksFreq                      0x0800073c   Section        0  stm32f10x_rcc.o(i.RCC_GetClocksFreq)
    i.RCC_GetFlagStatus                      0x08000810   Section        0  stm32f10x_rcc.o(i.RCC_GetFlagStatus)
    i.RCC_LSEConfig                          0x0800084c   Section        0  stm32f10x_rcc.o(i.RCC_LSEConfig)
    i.RCC_RTCCLKCmd                          0x08000880   Section        0  stm32f10x_rcc.o(i.RCC_RTCCLKCmd)
    i.RCC_RTCCLKConfig                       0x0800088c   Section        0  stm32f10x_rcc.o(i.RCC_RTCCLKConfig)
    i.RTC_ClearITPendingBit                  0x0800089c   Section        0  stm32f10x_rtc.o(i.RTC_ClearITPendingBit)
    i.RTC_EnterConfigMode                    0x080008ac   Section        0  stm32f10x_rtc.o(i.RTC_EnterConfigMode)
    i.RTC_ExitConfigMode                     0x080008c0   Section        0  stm32f10x_rtc.o(i.RTC_ExitConfigMode)
    i.RTC_Get                                0x080008d4   Section        0  rtc.o(i.RTC_Get)
    i.RTC_GetCounter                         0x080009d4   Section        0  stm32f10x_rtc.o(i.RTC_GetCounter)
    i.RTC_GetITStatus                        0x080009e8   Section        0  stm32f10x_rtc.o(i.RTC_GetITStatus)
    i.RTC_Get_Week                           0x08000a0c   Section        0  rtc.o(i.RTC_Get_Week)
    i.RTC_IRQHandler                         0x08000a84   Section        0  rtc.o(i.RTC_IRQHandler)
    i.RTC_ITConfig                           0x08000ab0   Section        0  stm32f10x_rtc.o(i.RTC_ITConfig)
    i.RTC_Init                               0x08000ad0   Section        0  rtc.o(i.RTC_Init)
    i.RTC_NVIC_Config                        0x08000b90   Section        0  rtc.o(i.RTC_NVIC_Config)
    RTC_NVIC_Config                          0x08000b91   Thumb Code    32  rtc.o(i.RTC_NVIC_Config)
    i.RTC_Set                                0x08000bb0   Section        0  rtc.o(i.RTC_Set)
    i.RTC_SetCounter                         0x08000c78   Section        0  stm32f10x_rtc.o(i.RTC_SetCounter)
    i.RTC_SetPrescaler                       0x08000c94   Section        0  stm32f10x_rtc.o(i.RTC_SetPrescaler)
    i.RTC_WaitForLastTask                    0x08000cb4   Section        0  stm32f10x_rtc.o(i.RTC_WaitForLastTask)
    i.RTC_WaitForSynchro                     0x08000cc8   Section        0  stm32f10x_rtc.o(i.RTC_WaitForSynchro)
    i.SetSysClock                            0x08000cec   Section        0  system_stm32f10x.o(i.SetSysClock)
    SetSysClock                              0x08000ced   Thumb Code     8  system_stm32f10x.o(i.SetSysClock)
    i.SetSysClockTo72                        0x08000cf4   Section        0  system_stm32f10x.o(i.SetSysClockTo72)
    SetSysClockTo72                          0x08000cf5   Thumb Code   214  system_stm32f10x.o(i.SetSysClockTo72)
    i.SysTick_CLKSourceConfig                0x08000dd4   Section        0  misc.o(i.SysTick_CLKSourceConfig)
    i.SysTick_Handler                        0x08000dfc   Section        0  stm32f10x_it.o(i.SysTick_Handler)
    i.SystemInit                             0x08000e0c   Section        0  system_stm32f10x.o(i.SystemInit)
    i.USART1_IRQHandler                      0x08000e6c   Section        0  usart.o(i.USART1_IRQHandler)
    i.USART_Cmd                              0x08000e88   Section        0  stm32f10x_usart.o(i.USART_Cmd)
    i.USART_GetITStatus                      0x08000ea0   Section        0  stm32f10x_usart.o(i.USART_GetITStatus)
    i.USART_ITConfig                         0x08000ef4   Section        0  stm32f10x_usart.o(i.USART_ITConfig)
    i.USART_Init                             0x08000f40   Section        0  stm32f10x_usart.o(i.USART_Init)
    i.USART_ReceiveData                      0x08001018   Section        0  stm32f10x_usart.o(i.USART_ReceiveData)
    i.UsageFault_Handler                     0x08001022   Section        0  stm32f10x_it.o(i.UsageFault_Handler)
    i._init_                                 0x08001028   Section        0  main.o(i._init_)
    i._sys_exit                              0x08001078   Section        0  usart.o(i._sys_exit)
    i.delay_init                             0x08001080   Section        0  delay.o(i.delay_init)
    i.delay_ms                               0x080010dc   Section        0  delay.o(i.delay_ms)
    i.delay_us                               0x08001120   Section        0  delay.o(i.delay_us)
    i.fputc                                  0x0800116c   Section        0  usart.o(i.fputc)
    i.main                                   0x08001188   Section        0  main.o(i.main)
    i.prvAddCurrentTaskToDelayedList         0x080011c8   Section        0  tasks.o(i.prvAddCurrentTaskToDelayedList)
    prvAddCurrentTaskToDelayedList           0x080011c9   Thumb Code   124  tasks.o(i.prvAddCurrentTaskToDelayedList)
    i.prvAddNewTaskToReadyList               0x08001260   Section        0  tasks.o(i.prvAddNewTaskToReadyList)
    prvAddNewTaskToReadyList                 0x08001261   Thumb Code   156  tasks.o(i.prvAddNewTaskToReadyList)
    i.prvCheckTasksWaitingTermination        0x08001318   Section        0  tasks.o(i.prvCheckTasksWaitingTermination)
    prvCheckTasksWaitingTermination          0x08001319   Thumb Code    86  tasks.o(i.prvCheckTasksWaitingTermination)
    i.prvDeleteTCB                           0x0800137c   Section        0  tasks.o(i.prvDeleteTCB)
    prvDeleteTCB                             0x0800137d   Thumb Code    18  tasks.o(i.prvDeleteTCB)
    i.prvHeapInit                            0x08001390   Section        0  heap_4.o(i.prvHeapInit)
    prvHeapInit                              0x08001391   Thumb Code    98  heap_4.o(i.prvHeapInit)
    i.prvIdleTask                            0x0800140c   Section        0  tasks.o(i.prvIdleTask)
    prvIdleTask                              0x0800140d   Thumb Code    32  tasks.o(i.prvIdleTask)
    i.prvInitialiseNewTask                   0x08001434   Section        0  tasks.o(i.prvInitialiseNewTask)
    prvInitialiseNewTask                     0x08001435   Thumb Code   180  tasks.o(i.prvInitialiseNewTask)
    i.prvInitialiseTaskLists                 0x080014e8   Section        0  tasks.o(i.prvInitialiseTaskLists)
    prvInitialiseTaskLists                   0x080014e9   Thumb Code    70  tasks.o(i.prvInitialiseTaskLists)
    i.prvInsertBlockIntoFreeList             0x08001550   Section        0  heap_4.o(i.prvInsertBlockIntoFreeList)
    prvInsertBlockIntoFreeList               0x08001551   Thumb Code    96  heap_4.o(i.prvInsertBlockIntoFreeList)
    i.prvResetNextTaskUnblockTime            0x080015b8   Section        0  tasks.o(i.prvResetNextTaskUnblockTime)
    prvResetNextTaskUnblockTime              0x080015b9   Thumb Code    42  tasks.o(i.prvResetNextTaskUnblockTime)
    i.prvTaskExitError                       0x080015ec   Section        0  port.o(i.prvTaskExitError)
    prvTaskExitError                         0x080015ed   Thumb Code    60  port.o(i.prvTaskExitError)
    i.pvPortMalloc                           0x0800162c   Section        0  heap_4.o(i.pvPortMalloc)
    i.pxPortInitialiseStack                  0x08001768   Section        0  port.o(i.pxPortInitialiseStack)
    i.start_task                             0x0800178c   Section        0  main.o(i.start_task)
    i.uart_init                              0x080017d0   Section        0  usart.o(i.uart_init)
    i.uxListRemove                           0x08001874   Section        0  list.o(i.uxListRemove)
    i.vListInitialise                        0x0800189c   Section        0  list.o(i.vListInitialise)
    i.vListInitialiseItem                    0x080018b6   Section        0  list.o(i.vListInitialiseItem)
    i.vListInsert                            0x080018bc   Section        0  list.o(i.vListInsert)
    i.vListInsertEnd                         0x080018f0   Section        0  list.o(i.vListInsertEnd)
    i.vPortEnterCritical                     0x08001908   Section        0  port.o(i.vPortEnterCritical)
    i.vPortExitCritical                      0x0800195c   Section        0  port.o(i.vPortExitCritical)
    i.vPortFree                              0x08001998   Section        0  heap_4.o(i.vPortFree)
    i.vPortSetupTimerInterrupt               0x08001a2c   Section        0  port.o(i.vPortSetupTimerInterrupt)
    i.vTaskDelay                             0x08001a4c   Section        0  tasks.o(i.vTaskDelay)
    i.vTaskDelete                            0x08001aa8   Section        0  tasks.o(i.vTaskDelete)
    i.vTaskStartScheduler                    0x08001b9c   Section        0  tasks.o(i.vTaskStartScheduler)
    i.vTaskSuspendAll                        0x08001c24   Section        0  tasks.o(i.vTaskSuspendAll)
    i.vTaskSwitchContext                     0x08001c34   Section        0  tasks.o(i.vTaskSwitchContext)
    i.xPortStartScheduler                    0x08001cc0   Section        0  port.o(i.xPortStartScheduler)
    i.xPortSysTickHandler                    0x08001d60   Section        0  port.o(i.xPortSysTickHandler)
    i.xTaskCreate                            0x08001d94   Section        0  tasks.o(i.xTaskCreate)
    i.xTaskGetSchedulerState                 0x08001df4   Section        0  tasks.o(i.xTaskGetSchedulerState)
    i.xTaskIncrementTick                     0x08001e14   Section        0  tasks.o(i.xTaskIncrementTick)
    i.xTaskResumeAll                         0x08001f5c   Section        0  tasks.o(i.xTaskResumeAll)
    .constdata                               0x08002060   Section       24  rtc.o(.constdata)
    .data                                    0x20000000   Section       20  stm32f10x_rcc.o(.data)
    APBAHBPrescTable                         0x20000000   Data          16  stm32f10x_rcc.o(.data)
    ADCPrescTable                            0x20000010   Data           4  stm32f10x_rcc.o(.data)
    .data                                    0x20000014   Section       20  system_stm32f10x.o(.data)
    .data                                    0x20000028   Section       60  tasks.o(.data)
    pxDelayedTaskList                        0x2000002c   Data           4  tasks.o(.data)
    pxOverflowDelayedTaskList                0x20000030   Data           4  tasks.o(.data)
    uxDeletedTasksWaitingCleanUp             0x20000034   Data           4  tasks.o(.data)
    uxCurrentNumberOfTasks                   0x20000038   Data           4  tasks.o(.data)
    xTickCount                               0x2000003c   Data           4  tasks.o(.data)
    uxTopReadyPriority                       0x20000040   Data           4  tasks.o(.data)
    xSchedulerRunning                        0x20000044   Data           4  tasks.o(.data)
    uxPendedTicks                            0x20000048   Data           4  tasks.o(.data)
    xYieldPending                            0x2000004c   Data           4  tasks.o(.data)
    xNumOfOverflows                          0x20000050   Data           4  tasks.o(.data)
    uxTaskNumber                             0x20000054   Data           4  tasks.o(.data)
    xNextTaskUnblockTime                     0x20000058   Data           4  tasks.o(.data)
    xIdleTaskHandle                          0x2000005c   Data           4  tasks.o(.data)
    uxSchedulerSuspended                     0x20000060   Data           4  tasks.o(.data)
    .data                                    0x20000064   Section       24  heap_4.o(.data)
    xStart                                   0x20000064   Data           8  heap_4.o(.data)
    pxEnd                                    0x2000006c   Data           4  heap_4.o(.data)
    xFreeBytesRemaining                      0x20000070   Data           4  heap_4.o(.data)
    xMinimumEverFreeBytesRemaining           0x20000074   Data           4  heap_4.o(.data)
    xBlockAllocatedBit                       0x20000078   Data           4  heap_4.o(.data)
    .data                                    0x2000007c   Section       12  port.o(.data)
    uxCriticalNesting                        0x2000007c   Data           4  port.o(.data)
    ucMaxSysCallPriority                     0x20000080   Data           1  port.o(.data)
    ulMaxPRIGROUPValue                       0x20000084   Data           4  port.o(.data)
    .data                                    0x20000088   Section        4  delay.o(.data)
    fac_us                                   0x20000088   Data           1  delay.o(.data)
    fac_ms                                   0x2000008a   Data           2  delay.o(.data)
    .data                                    0x2000008c   Section        4  led.o(.data)
    .data                                    0x20000090   Section        2  rtc.o(.data)
    daycnt                                   0x20000090   Data           2  rtc.o(.data)
    .data                                    0x20000094   Section        6  usart.o(.data)
    .data                                    0x2000009c   Section        4  main.o(.data)
    .bss                                     0x200000a0   Section      240  tasks.o(.bss)
    pxReadyTasksLists                        0x200000a0   Data         140  tasks.o(.bss)
    xDelayedTaskList1                        0x2000012c   Data          20  tasks.o(.bss)
    xDelayedTaskList2                        0x20000140   Data          20  tasks.o(.bss)
    xPendingReadyList                        0x20000154   Data          20  tasks.o(.bss)
    xTasksWaitingTermination                 0x20000168   Data          20  tasks.o(.bss)
    xSuspendedTaskList                       0x2000017c   Data          20  tasks.o(.bss)
    .bss                                     0x20000190   Section    15360  heap_4.o(.bss)
    ucHeap                                   0x20000190   Data       15360  heap_4.o(.bss)
    .bss                                     0x20003d90   Section       10  rtc.o(.bss)
    .bss                                     0x20003d9c   Section       96  libspace.o(.bss)
    HEAP                                     0x20003e00   Section      512  startup_stm32f10x_hd.o(HEAP)
    Heap_Mem                                 0x20003e00   Data         512  startup_stm32f10x_hd.o(HEAP)
    STACK                                    0x20004000   Section     1024  startup_stm32f10x_hd.o(STACK)
    Stack_Mem                                0x20004000   Data        1024  startup_stm32f10x_hd.o(STACK)
    __initial_sp                             0x20004400   Data           0  startup_stm32f10x_hd.o(STACK)

    Global Symbols

    Symbol Name                              Value     Ov Type        Size  Object(Section)

    BuildAttributes$$THM_ISAv4$P$D$K$B$S$PE$A:L22UL41UL21$X:L11$S22US41US21$IEEE1$IW$USESV6$~STKCKD$USESV7$~SHL$OSPACE$ROPI$EBA8$UX$STANDARDLIB$REQ8$PRES8$EABIv2 0x00000000   Number         0  anon$$obj.o ABSOLUTE
    __ARM_use_no_argv                        0x00000000   Number         0  main.o ABSOLUTE
    __ARM_exceptions_init                     - Undefined Weak Reference
    __alloca_initialize                       - Undefined Weak Reference
    __arm_preinit_                            - Undefined Weak Reference
    __cpp_initialize__aeabi_                  - Undefined Weak Reference
    __cxa_finalize                            - Undefined Weak Reference
    __rt_locale                               - Undefined Weak Reference
    __sigvec_lookup                           - Undefined Weak Reference
    _atexit_init                              - Undefined Weak Reference
    _call_atexit_fns                          - Undefined Weak Reference
    _clock_init                               - Undefined Weak Reference
    _fp_trap_init                             - Undefined Weak Reference
    _fp_trap_shutdown                         - Undefined Weak Reference
    _get_lc_collate                           - Undefined Weak Reference
    _get_lc_ctype                             - Undefined Weak Reference
    _get_lc_monetary                          - Undefined Weak Reference
    _get_lc_numeric                           - Undefined Weak Reference
    _get_lc_time                              - Undefined Weak Reference
    _getenv_init                              - Undefined Weak Reference
    _handle_redirection                       - Undefined Weak Reference
    _init_alloc                               - Undefined Weak Reference
    _init_user_alloc                          - Undefined Weak Reference
    _initio                                   - Undefined Weak Reference
    _mutex_acquire                            - Undefined Weak Reference
    _mutex_release                            - Undefined Weak Reference
    _rand_init                                - Undefined Weak Reference
    _signal_finish                            - Undefined Weak Reference
    _signal_init                              - Undefined Weak Reference
    _terminate_alloc                          - Undefined Weak Reference
    _terminate_user_alloc                     - Undefined Weak Reference
    _terminateio                              - Undefined Weak Reference
    __Vectors_Size                           0x00000130   Number         0  startup_stm32f10x_hd.o ABSOLUTE
    __Vectors                                0x08000000   Data           4  startup_stm32f10x_hd.o(RESET)
    __Vectors_End                            0x08000130   Data           0  startup_stm32f10x_hd.o(RESET)
    __main                                   0x08000131   Thumb Code     8  __main.o(!!!main)
    __scatterload                            0x08000139   Thumb Code     0  __scatter.o(!!!scatter)
    __scatterload_rt2                        0x08000139   Thumb Code    44  __scatter.o(!!!scatter)
    __scatterload_rt2_thumb_only             0x08000139   Thumb Code     0  __scatter.o(!!!scatter)
    __scatterload_null                       0x08000147   Thumb Code     0  __scatter.o(!!!scatter)
    __scatterload_copy                       0x0800016d   Thumb Code    26  __scatter_copy.o(!!handler_copy)
    __scatterload_zeroinit                   0x08000189   Thumb Code    28  __scatter_zi.o(!!handler_zi)
    __rt_lib_init                            0x080001a5   Thumb Code     0  libinit.o(.ARM.Collect$$libinit$$00000000)
    __rt_lib_init_alloca_1                   0x080001a7   Thumb Code     0  libinit2.o(.ARM.Collect$$libinit$$0000002E)
    __rt_lib_init_argv_1                     0x080001a7   Thumb Code     0  libinit2.o(.ARM.Collect$$libinit$$0000002C)
    __rt_lib_init_atexit_1                   0x080001a7   Thumb Code     0  libinit2.o(.ARM.Collect$$libinit$$0000001B)
    __rt_lib_init_clock_1                    0x080001a7   Thumb Code     0  libinit2.o(.ARM.Collect$$libinit$$00000021)
    __rt_lib_init_cpp_1                      0x080001a7   Thumb Code     0  libinit2.o(.ARM.Collect$$libinit$$00000032)
    __rt_lib_init_exceptions_1               0x080001a7   Thumb Code     0  libinit2.o(.ARM.Collect$$libinit$$00000030)
    __rt_lib_init_fp_1                       0x080001a7   Thumb Code     0  libinit2.o(.ARM.Collect$$libinit$$00000002)
    __rt_lib_init_fp_trap_1                  0x080001a7   Thumb Code     0  libinit2.o(.ARM.Collect$$libinit$$0000001F)
    __rt_lib_init_getenv_1                   0x080001a7   Thumb Code     0  libinit2.o(.ARM.Collect$$libinit$$00000023)
    __rt_lib_init_heap_1                     0x080001a7   Thumb Code     0  libinit2.o(.ARM.Collect$$libinit$$0000000A)
    __rt_lib_init_lc_collate_1               0x080001a7   Thumb Code     0  libinit2.o(.ARM.Collect$$libinit$$00000011)
    __rt_lib_init_lc_ctype_1                 0x080001a7   Thumb Code     0  libinit2.o(.ARM.Collect$$libinit$$00000013)
    __rt_lib_init_lc_monetary_1              0x080001a7   Thumb Code     0  libinit2.o(.ARM.Collect$$libinit$$00000015)
    __rt_lib_init_lc_numeric_1               0x080001a7   Thumb Code     0  libinit2.o(.ARM.Collect$$libinit$$00000017)
    __rt_lib_init_lc_time_1                  0x080001a7   Thumb Code     0  libinit2.o(.ARM.Collect$$libinit$$00000019)
    __rt_lib_init_preinit_1                  0x080001a7   Thumb Code     0  libinit2.o(.ARM.Collect$$libinit$$00000004)
    __rt_lib_init_rand_1                     0x080001a7   Thumb Code     0  libinit2.o(.ARM.Collect$$libinit$$0000000E)
    __rt_lib_init_return                     0x080001a7   Thumb Code     0  libinit2.o(.ARM.Collect$$libinit$$00000033)
    __rt_lib_init_signal_1                   0x080001a7   Thumb Code     0  libinit2.o(.ARM.Collect$$libinit$$0000001D)
    __rt_lib_init_stdio_1                    0x080001a7   Thumb Code     0  libinit2.o(.ARM.Collect$$libinit$$00000025)
    __rt_lib_init_user_alloc_1               0x080001a7   Thumb Code     0  libinit2.o(.ARM.Collect$$libinit$$0000000C)
    __rt_lib_shutdown                        0x080001a9   Thumb Code     0  libshutdown.o(.ARM.Collect$$libshutdown$$00000000)
    __rt_lib_shutdown_fp_trap_1              0x080001ab   Thumb Code     0  libshutdown2.o(.ARM.Collect$$libshutdown$$00000006)
    __rt_lib_shutdown_heap_1                 0x080001ab   Thumb Code     0  libshutdown2.o(.ARM.Collect$$libshutdown$$0000000E)
    __rt_lib_shutdown_return                 0x080001ab   Thumb Code     0  libshutdown2.o(.ARM.Collect$$libshutdown$$0000000F)
    __rt_lib_shutdown_signal_1               0x080001ab   Thumb Code     0  libshutdown2.o(.ARM.Collect$$libshutdown$$00000009)
    __rt_lib_shutdown_stdio_1                0x080001ab   Thumb Code     0  libshutdown2.o(.ARM.Collect$$libshutdown$$00000003)
    __rt_lib_shutdown_user_alloc_1           0x080001ab   Thumb Code     0  libshutdown2.o(.ARM.Collect$$libshutdown$$0000000B)
    __rt_entry                               0x080001ad   Thumb Code     0  __rtentry.o(.ARM.Collect$$rtentry$$00000000)
    __rt_entry_presh_1                       0x080001ad   Thumb Code     0  __rtentry2.o(.ARM.Collect$$rtentry$$00000002)
    __rt_entry_sh                            0x080001ad   Thumb Code     0  __rtentry4.o(.ARM.Collect$$rtentry$$00000004)
    __rt_entry_li                            0x080001b3   Thumb Code     0  __rtentry2.o(.ARM.Collect$$rtentry$$0000000A)
    __rt_entry_postsh_1                      0x080001b3   Thumb Code     0  __rtentry2.o(.ARM.Collect$$rtentry$$00000009)
    __rt_entry_main                          0x080001b7   Thumb Code     0  __rtentry2.o(.ARM.Collect$$rtentry$$0000000D)
    __rt_entry_postli_1                      0x080001b7   Thumb Code     0  __rtentry2.o(.ARM.Collect$$rtentry$$0000000C)
    __rt_exit                                0x080001bf   Thumb Code     0  rtexit.o(.ARM.Collect$$rtexit$$00000000)
    __rt_exit_ls                             0x080001c1   Thumb Code     0  rtexit2.o(.ARM.Collect$$rtexit$$00000003)
    __rt_exit_prels_1                        0x080001c1   Thumb Code     0  rtexit2.o(.ARM.Collect$$rtexit$$00000002)
    __rt_exit_exit                           0x080001c5   Thumb Code     0  rtexit2.o(.ARM.Collect$$rtexit$$00000004)
    SVC_Handler                              0x080001cd   Thumb Code    32  port.o(.emb_text)
    __asm___6_port_c_39a90d8d__prvStartFirstTask 0x080001f1   Thumb Code    28  port.o(.emb_text)
    PendSV_Handler                           0x08000211   Thumb Code    72  port.o(.emb_text)
    vPortGetIPSR                             0x0800025d   Thumb Code     6  port.o(.emb_text)
    Reset_Handler                            0x08000265   Thumb Code     8  startup_stm32f10x_hd.o(.text)
    ADC1_2_IRQHandler                        0x0800027f   Thumb Code     0  startup_stm32f10x_hd.o(.text)
    ADC3_IRQHandler                          0x0800027f   Thumb Code     0  startup_stm32f10x_hd.o(.text)
    CAN1_RX1_IRQHandler                      0x0800027f   Thumb Code     0  startup_stm32f10x_hd.o(.text)
    CAN1_SCE_IRQHandler                      0x0800027f   Thumb Code     0  startup_stm32f10x_hd.o(.text)
    DMA1_Channel1_IRQHandler                 0x0800027f   Thumb Code     0  startup_stm32f10x_hd.o(.text)
    DMA1_Channel2_IRQHandler                 0x0800027f   Thumb Code     0  startup_stm32f10x_hd.o(.text)
    DMA1_Channel3_IRQHandler                 0x0800027f   Thumb Code     0  startup_stm32f10x_hd.o(.text)
    DMA1_Channel4_IRQHandler                 0x0800027f   Thumb Code     0  startup_stm32f10x_hd.o(.text)
    DMA1_Channel5_IRQHandler                 0x0800027f   Thumb Code     0  startup_stm32f10x_hd.o(.text)
    DMA1_Channel6_IRQHandler                 0x0800027f   Thumb Code     0  startup_stm32f10x_hd.o(.text)
    DMA1_Channel7_IRQHandler                 0x0800027f   Thumb Code     0  startup_stm32f10x_hd.o(.text)
    DMA2_Channel1_IRQHandler                 0x0800027f   Thumb Code     0  startup_stm32f10x_hd.o(.text)
    DMA2_Channel2_IRQHandler                 0x0800027f   Thumb Code     0  startup_stm32f10x_hd.o(.text)
    DMA2_Channel3_IRQHandler                 0x0800027f   Thumb Code     0  startup_stm32f10x_hd.o(.text)
    DMA2_Channel4_5_IRQHandler               0x0800027f   Thumb Code     0  startup_stm32f10x_hd.o(.text)
    EXTI0_IRQHandler                         0x0800027f   Thumb Code     0  startup_stm32f10x_hd.o(.text)
    EXTI15_10_IRQHandler                     0x0800027f   Thumb Code     0  startup_stm32f10x_hd.o(.text)
    EXTI1_IRQHandler                         0x0800027f   Thumb Code     0  startup_stm32f10x_hd.o(.text)
    EXTI2_IRQHandler                         0x0800027f   Thumb Code     0  startup_stm32f10x_hd.o(.text)
    EXTI3_IRQHandler                         0x0800027f   Thumb Code     0  startup_stm32f10x_hd.o(.text)
    EXTI4_IRQHandler                         0x0800027f   Thumb Code     0  startup_stm32f10x_hd.o(.text)
    EXTI9_5_IRQHandler                       0x0800027f   Thumb Code     0  startup_stm32f10x_hd.o(.text)
    FLASH_IRQHandler                         0x0800027f   Thumb Code     0  startup_stm32f10x_hd.o(.text)
    FSMC_IRQHandler                          0x0800027f   Thumb Code     0  startup_stm32f10x_hd.o(.text)
    I2C1_ER_IRQHandler                       0x0800027f   Thumb Code     0  startup_stm32f10x_hd.o(.text)
    I2C1_EV_IRQHandler                       0x0800027f   Thumb Code     0  startup_stm32f10x_hd.o(.text)
    I2C2_ER_IRQHandler                       0x0800027f   Thumb Code     0  startup_stm32f10x_hd.o(.text)
    I2C2_EV_IRQHandler                       0x0800027f   Thumb Code     0  startup_stm32f10x_hd.o(.text)
    PVD_IRQHandler                           0x0800027f   Thumb Code     0  startup_stm32f10x_hd.o(.text)
    RCC_IRQHandler                           0x0800027f   Thumb Code     0  startup_stm32f10x_hd.o(.text)
    RTC_Alarm_IRQHandler                     0x0800027f   Thumb Code     0  startup_stm32f10x_hd.o(.text)
    SDIO_IRQHandler                          0x0800027f   Thumb Code     0  startup_stm32f10x_hd.o(.text)
    SPI1_IRQHandler                          0x0800027f   Thumb Code     0  startup_stm32f10x_hd.o(.text)
    SPI2_IRQHandler                          0x0800027f   Thumb Code     0  startup_stm32f10x_hd.o(.text)
    SPI3_IRQHandler                          0x0800027f   Thumb Code     0  startup_stm32f10x_hd.o(.text)
    TAMPER_IRQHandler                        0x0800027f   Thumb Code     0  startup_stm32f10x_hd.o(.text)
    TIM1_BRK_IRQHandler                      0x0800027f   Thumb Code     0  startup_stm32f10x_hd.o(.text)
    TIM1_CC_IRQHandler                       0x0800027f   Thumb Code     0  startup_stm32f10x_hd.o(.text)
    TIM1_TRG_COM_IRQHandler                  0x0800027f   Thumb Code     0  startup_stm32f10x_hd.o(.text)
    TIM1_UP_IRQHandler                       0x0800027f   Thumb Code     0  startup_stm32f10x_hd.o(.text)
    TIM2_IRQHandler                          0x0800027f   Thumb Code     0  startup_stm32f10x_hd.o(.text)
    TIM3_IRQHandler                          0x0800027f   Thumb Code     0  startup_stm32f10x_hd.o(.text)
    TIM4_IRQHandler                          0x0800027f   Thumb Code     0  startup_stm32f10x_hd.o(.text)
    TIM5_IRQHandler                          0x0800027f   Thumb Code     0  startup_stm32f10x_hd.o(.text)
    TIM6_IRQHandler                          0x0800027f   Thumb Code     0  startup_stm32f10x_hd.o(.text)
    TIM7_IRQHandler                          0x0800027f   Thumb Code     0  startup_stm32f10x_hd.o(.text)
    TIM8_BRK_IRQHandler                      0x0800027f   Thumb Code     0  startup_stm32f10x_hd.o(.text)
    TIM8_CC_IRQHandler                       0x0800027f   Thumb Code     0  startup_stm32f10x_hd.o(.text)
    TIM8_TRG_COM_IRQHandler                  0x0800027f   Thumb Code     0  startup_stm32f10x_hd.o(.text)
    TIM8_UP_IRQHandler                       0x0800027f   Thumb Code     0  startup_stm32f10x_hd.o(.text)
    UART4_IRQHandler                         0x0800027f   Thumb Code     0  startup_stm32f10x_hd.o(.text)
    UART5_IRQHandler                         0x0800027f   Thumb Code     0  startup_stm32f10x_hd.o(.text)
    USART2_IRQHandler                        0x0800027f   Thumb Code     0  startup_stm32f10x_hd.o(.text)
    USART3_IRQHandler                        0x0800027f   Thumb Code     0  startup_stm32f10x_hd.o(.text)
    USBWakeUp_IRQHandler                     0x0800027f   Thumb Code     0  startup_stm32f10x_hd.o(.text)
    USB_HP_CAN1_TX_IRQHandler                0x0800027f   Thumb Code     0  startup_stm32f10x_hd.o(.text)
    USB_LP_CAN1_RX0_IRQHandler               0x0800027f   Thumb Code     0  startup_stm32f10x_hd.o(.text)
    WWDG_IRQHandler                          0x0800027f   Thumb Code     0  startup_stm32f10x_hd.o(.text)
    __user_initial_stackheap                 0x08000281   Thumb Code     0  startup_stm32f10x_hd.o(.text)
    __use_no_semihosting                     0x080002a5   Thumb Code     2  use_no_semi_2.o(.text)
    __2printf                                0x080002a9   Thumb Code    20  noretval__2printf.o(.text)
    __aeabi_memset                           0x080002c1   Thumb Code    16  aeabi_memset.o(.text)
    __use_two_region_memory                  0x080002d1   Thumb Code     2  heapauxi.o(.text)
    __rt_heap_escrow$2region                 0x080002d3   Thumb Code     2  heapauxi.o(.text)
    __rt_heap_expand$2region                 0x080002d5   Thumb Code     2  heapauxi.o(.text)
    __I$use$semihosting                      0x080002d7   Thumb Code     0  use_no_semi.o(.text)
    __use_no_semihosting_swi                 0x080002d7   Thumb Code     2  use_no_semi.o(.text)
    _printf_char_file                        0x080002d9   Thumb Code    32  _printf_char_file.o(.text)
    __aeabi_memclr                           0x080002fd   Thumb Code     0  rt_memclr.o(.text)
    __rt_memclr                              0x080002fd   Thumb Code    68  rt_memclr.o(.text)
    _memset                                  0x08000301   Thumb Code     0  rt_memclr.o(.text)
    _printf_char_common                      0x0800034b   Thumb Code    32  _printf_char_common.o(.text)
    ferror                                   0x08000371   Thumb Code     8  ferror.o(.text)
    __aeabi_memclr4                          0x08000379   Thumb Code     0  rt_memclr_w.o(.text)
    __aeabi_memclr8                          0x08000379   Thumb Code     0  rt_memclr_w.o(.text)
    __rt_memclr_w                            0x08000379   Thumb Code    78  rt_memclr_w.o(.text)
    _memset_w                                0x0800037d   Thumb Code     0  rt_memclr_w.o(.text)
    __user_setup_stackheap                   0x080003c7   Thumb Code    74  sys_stackheap_outer.o(.text)
    __printf                                 0x08000411   Thumb Code    40  __printf_nopercent.o(.text)
    exit                                     0x08000439   Thumb Code    12  exit.o(.text)
    __user_libspace                          0x08000445   Thumb Code     8  libspace.o(.text)
    __user_perproc_libspace                  0x08000445   Thumb Code     0  libspace.o(.text)
    __user_perthread_libspace                0x08000445   Thumb Code     0  libspace.o(.text)
    BKP_DeInit                               0x0800044d   Thumb Code    16  stm32f10x_bkp.o(i.BKP_DeInit)
    BKP_ReadBackupRegister                   0x0800045d   Thumb Code    24  stm32f10x_bkp.o(i.BKP_ReadBackupRegister)
    BKP_WriteBackupRegister                  0x08000479   Thumb Code    22  stm32f10x_bkp.o(i.BKP_WriteBackupRegister)
    BusFault_Handler                         0x08000495   Thumb Code     4  stm32f10x_it.o(i.BusFault_Handler)
    DebugMon_Handler                         0x08000499   Thumb Code     2  stm32f10x_it.o(i.DebugMon_Handler)
    GPIO_Init                                0x0800049b   Thumb Code   278  stm32f10x_gpio.o(i.GPIO_Init)
    GPIO_SetBits                             0x080005b1   Thumb Code     4  stm32f10x_gpio.o(i.GPIO_SetBits)
    HardFault_Handler                        0x080005b5   Thumb Code     4  stm32f10x_it.o(i.HardFault_Handler)
    Is_Leap_Year                             0x080005b9   Thumb Code    58  rtc.o(i.Is_Leap_Year)
    LED_Init                                 0x080005f5   Thumb Code    50  led.o(i.LED_Init)
    LED_task                                 0x0800062d   Thumb Code    34  led.o(i.LED_task)
    MemManage_Handler                        0x08000659   Thumb Code     4  stm32f10x_it.o(i.MemManage_Handler)
    NMI_Handler                              0x0800065d   Thumb Code     2  stm32f10x_it.o(i.NMI_Handler)
    NVIC_Init                                0x08000661   Thumb Code   100  misc.o(i.NVIC_Init)
    NVIC_PriorityGroupConfig                 0x080006d1   Thumb Code    10  misc.o(i.NVIC_PriorityGroupConfig)
    PWR_BackupAccessCmd                      0x080006e5   Thumb Code     6  stm32f10x_pwr.o(i.PWR_BackupAccessCmd)
    RCC_APB1PeriphClockCmd                   0x080006f1   Thumb Code    26  stm32f10x_rcc.o(i.RCC_APB1PeriphClockCmd)
    RCC_APB2PeriphClockCmd                   0x08000711   Thumb Code    26  stm32f10x_rcc.o(i.RCC_APB2PeriphClockCmd)
    RCC_BackupResetCmd                       0x08000731   Thumb Code     6  stm32f10x_rcc.o(i.RCC_BackupResetCmd)
    RCC_GetClocksFreq                        0x0800073d   Thumb Code   192  stm32f10x_rcc.o(i.RCC_GetClocksFreq)
    RCC_GetFlagStatus                        0x08000811   Thumb Code    56  stm32f10x_rcc.o(i.RCC_GetFlagStatus)
    RCC_LSEConfig                            0x0800084d   Thumb Code    46  stm32f10x_rcc.o(i.RCC_LSEConfig)
    RCC_RTCCLKCmd                            0x08000881   Thumb Code     6  stm32f10x_rcc.o(i.RCC_RTCCLKCmd)
    RCC_RTCCLKConfig                         0x0800088d   Thumb Code    12  stm32f10x_rcc.o(i.RCC_RTCCLKConfig)
    RTC_ClearITPendingBit                    0x0800089d   Thumb Code    12  stm32f10x_rtc.o(i.RTC_ClearITPendingBit)
    RTC_EnterConfigMode                      0x080008ad   Thumb Code    14  stm32f10x_rtc.o(i.RTC_EnterConfigMode)
    RTC_ExitConfigMode                       0x080008c1   Thumb Code    16  stm32f10x_rtc.o(i.RTC_ExitConfigMode)
    RTC_Get                                  0x080008d5   Thumb Code   240  rtc.o(i.RTC_Get)
    RTC_GetCounter                           0x080009d5   Thumb Code    16  stm32f10x_rtc.o(i.RTC_GetCounter)
    RTC_GetITStatus                          0x080009e9   Thumb Code    32  stm32f10x_rtc.o(i.RTC_GetITStatus)
    RTC_Get_Week                             0x08000a0d   Thumb Code   116  rtc.o(i.RTC_Get_Week)
    RTC_IRQHandler                           0x08000a85   Thumb Code    44  rtc.o(i.RTC_IRQHandler)
    RTC_ITConfig                             0x08000ab1   Thumb Code    26  stm32f10x_rtc.o(i.RTC_ITConfig)
    RTC_Init                                 0x08000ad1   Thumb Code   192  rtc.o(i.RTC_Init)
    RTC_Set                                  0x08000bb1   Thumb Code   184  rtc.o(i.RTC_Set)
    RTC_SetCounter                           0x08000c79   Thumb Code    24  stm32f10x_rtc.o(i.RTC_SetCounter)
    RTC_SetPrescaler                         0x08000c95   Thumb Code    26  stm32f10x_rtc.o(i.RTC_SetPrescaler)
    RTC_WaitForLastTask                      0x08000cb5   Thumb Code    16  stm32f10x_rtc.o(i.RTC_WaitForLastTask)
    RTC_WaitForSynchro                       0x08000cc9   Thumb Code    30  stm32f10x_rtc.o(i.RTC_WaitForSynchro)
    SysTick_CLKSourceConfig                  0x08000dd5   Thumb Code    40  misc.o(i.SysTick_CLKSourceConfig)
    SysTick_Handler                          0x08000dfd   Thumb Code    16  stm32f10x_it.o(i.SysTick_Handler)
    SystemInit                               0x08000e0d   Thumb Code    78  system_stm32f10x.o(i.SystemInit)
    USART1_IRQHandler                        0x08000e6d   Thumb Code    24  usart.o(i.USART1_IRQHandler)
    USART_Cmd                                0x08000e89   Thumb Code    24  stm32f10x_usart.o(i.USART_Cmd)
    USART_GetITStatus                        0x08000ea1   Thumb Code    84  stm32f10x_usart.o(i.USART_GetITStatus)
    USART_ITConfig                           0x08000ef5   Thumb Code    74  stm32f10x_usart.o(i.USART_ITConfig)
    USART_Init                               0x08000f41   Thumb Code   210  stm32f10x_usart.o(i.USART_Init)
    USART_ReceiveData                        0x08001019   Thumb Code    10  stm32f10x_usart.o(i.USART_ReceiveData)
    UsageFault_Handler                       0x08001023   Thumb Code     4  stm32f10x_it.o(i.UsageFault_Handler)
    _init_                                   0x08001029   Thumb Code    54  main.o(i._init_)
    _sys_exit                                0x08001079   Thumb Code     6  usart.o(i._sys_exit)
    delay_init                               0x08001081   Thumb Code    76  delay.o(i.delay_init)
    delay_ms                                 0x080010dd   Thumb Code    62  delay.o(i.delay_ms)
    delay_us                                 0x08001121   Thumb Code    70  delay.o(i.delay_us)
    fputc                                    0x0800116d   Thumb Code    24  usart.o(i.fputc)
    main                                     0x08001189   Thumb Code    42  main.o(i.main)
    pvPortMalloc                             0x0800162d   Thumb Code   296  heap_4.o(i.pvPortMalloc)
    pxPortInitialiseStack                    0x08001769   Thumb Code    30  port.o(i.pxPortInitialiseStack)
    start_task                               0x0800178d   Thumb Code    42  main.o(i.start_task)
    uart_init                                0x080017d1   Thumb Code   154  usart.o(i.uart_init)
    uxListRemove                             0x08001875   Thumb Code    40  list.o(i.uxListRemove)
    vListInitialise                          0x0800189d   Thumb Code    26  list.o(i.vListInitialise)
    vListInitialiseItem                      0x080018b7   Thumb Code     6  list.o(i.vListInitialiseItem)
    vListInsert                              0x080018bd   Thumb Code    52  list.o(i.vListInsert)
    vListInsertEnd                           0x080018f1   Thumb Code    24  list.o(i.vListInsertEnd)
    vPortEnterCritical                       0x08001909   Thumb Code    76  port.o(i.vPortEnterCritical)
    vPortExitCritical                        0x0800195d   Thumb Code    56  port.o(i.vPortExitCritical)
    vPortFree                                0x08001999   Thumb Code   140  heap_4.o(i.vPortFree)
    vPortSetupTimerInterrupt                 0x08001a2d   Thumb Code    26  port.o(i.vPortSetupTimerInterrupt)
    vTaskDelay                               0x08001a4d   Thumb Code    82  tasks.o(i.vTaskDelay)
    vTaskDelete                              0x08001aa9   Thumb Code   202  tasks.o(i.vTaskDelete)
    vTaskStartScheduler                      0x08001b9d   Thumb Code   108  tasks.o(i.vTaskStartScheduler)
    vTaskSuspendAll                          0x08001c25   Thumb Code    12  tasks.o(i.vTaskSuspendAll)
    vTaskSwitchContext                       0x08001c35   Thumb Code   118  tasks.o(i.vTaskSwitchContext)
    xPortStartScheduler                      0x08001cc1   Thumb Code   140  port.o(i.xPortStartScheduler)
    xPortSysTickHandler                      0x08001d61   Thumb Code    46  port.o(i.xPortSysTickHandler)
    xTaskCreate                              0x08001d95   Thumb Code    96  tasks.o(i.xTaskCreate)
    xTaskGetSchedulerState                   0x08001df5   Thumb Code    24  tasks.o(i.xTaskGetSchedulerState)
    xTaskIncrementTick                       0x08001e15   Thumb Code   282  tasks.o(i.xTaskIncrementTick)
    xTaskResumeAll                           0x08001f5d   Thumb Code   224  tasks.o(i.xTaskResumeAll)
    table_week                               0x08002060   Data          12  rtc.o(.constdata)
    mon_table                                0x0800206c   Data          12  rtc.o(.constdata)
    Region$$Table$$Base                      0x08002078   Number         0  anon$$obj.o(Region$$Table)
    Region$$Table$$Limit                     0x08002098   Number         0  anon$$obj.o(Region$$Table)
    SystemCoreClock                          0x20000014   Data           4  system_stm32f10x.o(.data)
    AHBPrescTable                            0x20000018   Data          16  system_stm32f10x.o(.data)
    pxCurrentTCB                             0x20000028   Data           4  tasks.o(.data)
    LEDTask_Handler                          0x2000008c   Data           4  led.o(.data)
    __stdout                                 0x20000094   Data           4  usart.o(.data)
    USART_RX_STA                             0x20000098   Data           2  usart.o(.data)
    startTask_Handler                        0x2000009c   Data           4  main.o(.data)
    calendar                                 0x20003d90   Data          10  rtc.o(.bss)
    __libspace_start                         0x20003d9c   Data          96  libspace.o(.bss)
    __temporary_stack_top$libspace           0x20003dfc   Data           0  libspace.o(.bss)



==============================================================================

Memory Map of the image

  Image Entry point : 0x08000131

  Load Region LR_IROM1 (Base: 0x08000000, Size: 0x00002138, Max: 0x00040000, ABSOLUTE)

    Execution Region ER_IROM1 (Base: 0x08000000, Size: 0x00002098, Max: 0x00040000, ABSOLUTE)

    Base Addr    Size         Type   Attr      Idx    E Section Name        Object

    0x08000000   0x00000130   Data   RO           19    RESET               startup_stm32f10x_hd.o
    0x08000130   0x00000008   Code   RO         4261  * !!!main             c_w.l(__main.o)
    0x08000138   0x00000034   Code   RO         4431    !!!scatter          c_w.l(__scatter.o)
    0x0800016c   0x0000001a   Code   RO         4433    !!handler_copy      c_w.l(__scatter_copy.o)
    0x08000186   0x00000002   PAD
    0x08000188   0x0000001c   Code   RO         4435    !!handler_zi        c_w.l(__scatter_zi.o)
    0x080001a4   0x00000002   Code   RO         4306    .ARM.Collect$$libinit$$00000000  c_w.l(libinit.o)
    0x080001a6   0x00000000   Code   RO         4313    .ARM.Collect$$libinit$$00000002  c_w.l(libinit2.o)
    0x080001a6   0x00000000   Code   RO         4315    .ARM.Collect$$libinit$$00000004  c_w.l(libinit2.o)
    0x080001a6   0x00000000   Code   RO         4318    .ARM.Collect$$libinit$$0000000A  c_w.l(libinit2.o)
    0x080001a6   0x00000000   Code   RO         4320    .ARM.Collect$$libinit$$0000000C  c_w.l(libinit2.o)
    0x080001a6   0x00000000   Code   RO         4322    .ARM.Collect$$libinit$$0000000E  c_w.l(libinit2.o)
    0x080001a6   0x00000000   Code   RO         4325    .ARM.Collect$$libinit$$00000011  c_w.l(libinit2.o)
    0x080001a6   0x00000000   Code   RO         4327    .ARM.Collect$$libinit$$00000013  c_w.l(libinit2.o)
    0x080001a6   0x00000000   Code   RO         4329    .ARM.Collect$$libinit$$00000015  c_w.l(libinit2.o)
    0x080001a6   0x00000000   Code   RO         4331    .ARM.Collect$$libinit$$00000017  c_w.l(libinit2.o)
    0x080001a6   0x00000000   Code   RO         4333    .ARM.Collect$$libinit$$00000019  c_w.l(libinit2.o)
    0x080001a6   0x00000000   Code   RO         4335    .ARM.Collect$$libinit$$0000001B  c_w.l(libinit2.o)
    0x080001a6   0x00000000   Code   RO         4337    .ARM.Collect$$libinit$$0000001D  c_w.l(libinit2.o)
    0x080001a6   0x00000000   Code   RO         4339    .ARM.Collect$$libinit$$0000001F  c_w.l(libinit2.o)
    0x080001a6   0x00000000   Code   RO         4341    .ARM.Collect$$libinit$$00000021  c_w.l(libinit2.o)
    0x080001a6   0x00000000   Code   RO         4343    .ARM.Collect$$libinit$$00000023  c_w.l(libinit2.o)
    0x080001a6   0x00000000   Code   RO         4345    .ARM.Collect$$libinit$$00000025  c_w.l(libinit2.o)
    0x080001a6   0x00000000   Code   RO         4349    .ARM.Collect$$libinit$$0000002C  c_w.l(libinit2.o)
    0x080001a6   0x00000000   Code   RO         4351    .ARM.Collect$$libinit$$0000002E  c_w.l(libinit2.o)
    0x080001a6   0x00000000   Code   RO         4353    .ARM.Collect$$libinit$$00000030  c_w.l(libinit2.o)
    0x080001a6   0x00000000   Code   RO         4355    .ARM.Collect$$libinit$$00000032  c_w.l(libinit2.o)
    0x080001a6   0x00000002   Code   RO         4356    .ARM.Collect$$libinit$$00000033  c_w.l(libinit2.o)
    0x080001a8   0x00000002   Code   RO         4374    .ARM.Collect$$libshutdown$$00000000  c_w.l(libshutdown.o)
    0x080001aa   0x00000000   Code   RO         4385    .ARM.Collect$$libshutdown$$00000003  c_w.l(libshutdown2.o)
    0x080001aa   0x00000000   Code   RO         4388    .ARM.Collect$$libshutdown$$00000006  c_w.l(libshutdown2.o)
    0x080001aa   0x00000000   Code   RO         4391    .ARM.Collect$$libshutdown$$00000009  c_w.l(libshutdown2.o)
    0x080001aa   0x00000000   Code   RO         4393    .ARM.Collect$$libshutdown$$0000000B  c_w.l(libshutdown2.o)
    0x080001aa   0x00000000   Code   RO         4396    .ARM.Collect$$libshutdown$$0000000E  c_w.l(libshutdown2.o)
    0x080001aa   0x00000002   Code   RO         4397    .ARM.Collect$$libshutdown$$0000000F  c_w.l(libshutdown2.o)
    0x080001ac   0x00000000   Code   RO         4265    .ARM.Collect$$rtentry$$00000000  c_w.l(__rtentry.o)
    0x080001ac   0x00000000   Code   RO         4273    .ARM.Collect$$rtentry$$00000002  c_w.l(__rtentry2.o)
    0x080001ac   0x00000006   Code   RO         4285    .ARM.Collect$$rtentry$$00000004  c_w.l(__rtentry4.o)
    0x080001b2   0x00000000   Code   RO         4275    .ARM.Collect$$rtentry$$00000009  c_w.l(__rtentry2.o)
    0x080001b2   0x00000004   Code   RO         4276    .ARM.Collect$$rtentry$$0000000A  c_w.l(__rtentry2.o)
    0x080001b6   0x00000000   Code   RO         4278    .ARM.Collect$$rtentry$$0000000C  c_w.l(__rtentry2.o)
    0x080001b6   0x00000008   Code   RO         4279    .ARM.Collect$$rtentry$$0000000D  c_w.l(__rtentry2.o)
    0x080001be   0x00000002   Code   RO         4310    .ARM.Collect$$rtexit$$00000000  c_w.l(rtexit.o)
    0x080001c0   0x00000000   Code   RO         4358    .ARM.Collect$$rtexit$$00000002  c_w.l(rtexit2.o)
    0x080001c0   0x00000004   Code   RO         4359    .ARM.Collect$$rtexit$$00000003  c_w.l(rtexit2.o)
    0x080001c4   0x00000006   Code   RO         4360    .ARM.Collect$$rtexit$$00000004  c_w.l(rtexit2.o)
    0x080001ca   0x00000002   PAD
    0x080001cc   0x00000096   Code   RO         3923    .emb_text           port.o
    0x08000262   0x00000002   PAD
    0x08000264   0x00000040   Code   RO           20    .text               startup_stm32f10x_hd.o
    0x080002a4   0x00000002   Code   RO         4249    .text               c_w.l(use_no_semi_2.o)
    0x080002a6   0x00000002   PAD
    0x080002a8   0x00000018   Code   RO         4253    .text               c_w.l(noretval__2printf.o)
    0x080002c0   0x00000010   Code   RO         4257    .text               c_w.l(aeabi_memset.o)
    0x080002d0   0x00000006   Code   RO         4259    .text               c_w.l(heapauxi.o)
    0x080002d6   0x00000002   Code   RO         4263    .text               c_w.l(use_no_semi.o)
    0x080002d8   0x00000024   Code   RO         4266    .text               c_w.l(_printf_char_file.o)
    0x080002fc   0x00000044   Code   RO         4270    .text               c_w.l(rt_memclr.o)
    0x08000340   0x00000030   Code   RO         4287    .text               c_w.l(_printf_char_common.o)
    0x08000370   0x00000008   Code   RO         4289    .text               c_w.l(ferror.o)
    0x08000378   0x0000004e   Code   RO         4293    .text               c_w.l(rt_memclr_w.o)
    0x080003c6   0x0000004a   Code   RO         4295    .text               c_w.l(sys_stackheap_outer.o)
    0x08000410   0x00000028   Code   RO         4297    .text               c_w.l(__printf_nopercent.o)
    0x08000438   0x0000000c   Code   RO         4299    .text               c_w.l(exit.o)
    0x08000444   0x00000008   Code   RO         4307    .text               c_w.l(libspace.o)
    0x0800044c   0x00000010   Code   RO          367    i.BKP_DeInit        stm32f10x_bkp.o
    0x0800045c   0x0000001c   Code   RO          372    i.BKP_ReadBackupRegister  stm32f10x_bkp.o
    0x08000478   0x0000001c   Code   RO          376    i.BKP_WriteBackupRegister  stm32f10x_bkp.o
    0x08000494   0x00000004   Code   RO         3074    i.BusFault_Handler  stm32f10x_it.o
    0x08000498   0x00000002   Code   RO         3075    i.DebugMon_Handler  stm32f10x_it.o
    0x0800049a   0x00000116   Code   RO         1258    i.GPIO_Init         stm32f10x_gpio.o
    0x080005b0   0x00000004   Code   RO         1266    i.GPIO_SetBits      stm32f10x_gpio.o
    0x080005b4   0x00000004   Code   RO         3076    i.HardFault_Handler  stm32f10x_it.o
    0x080005b8   0x0000003a   Code   RO         4062    i.Is_Leap_Year      rtc.o
    0x080005f2   0x00000002   PAD
    0x080005f4   0x00000038   Code   RO         4032    i.LED_Init          led.o
    0x0800062c   0x0000002c   Code   RO         4033    i.LED_task          led.o
    0x08000658   0x00000004   Code   RO         3077    i.MemManage_Handler  stm32f10x_it.o
    0x0800065c   0x00000002   Code   RO         3078    i.NMI_Handler       stm32f10x_it.o
    0x0800065e   0x00000002   PAD
    0x08000660   0x00000070   Code   RO           24    i.NVIC_Init         misc.o
    0x080006d0   0x00000014   Code   RO           25    i.NVIC_PriorityGroupConfig  misc.o
    0x080006e4   0x0000000c   Code   RO         1612    i.PWR_BackupAccessCmd  stm32f10x_pwr.o
    0x080006f0   0x00000020   Code   RO         1674    i.RCC_APB1PeriphClockCmd  stm32f10x_rcc.o
    0x08000710   0x00000020   Code   RO         1676    i.RCC_APB2PeriphClockCmd  stm32f10x_rcc.o
    0x08000730   0x0000000c   Code   RO         1679    i.RCC_BackupResetCmd  stm32f10x_rcc.o
    0x0800073c   0x000000d4   Code   RO         1684    i.RCC_GetClocksFreq  stm32f10x_rcc.o
    0x08000810   0x0000003c   Code   RO         1685    i.RCC_GetFlagStatus  stm32f10x_rcc.o
    0x0800084c   0x00000034   Code   RO         1692    i.RCC_LSEConfig     stm32f10x_rcc.o
    0x08000880   0x0000000c   Code   RO         1699    i.RCC_RTCCLKCmd     stm32f10x_rcc.o
    0x0800088c   0x00000010   Code   RO         1700    i.RCC_RTCCLKConfig  stm32f10x_rcc.o
    0x0800089c   0x00000010   Code   RO         1873    i.RTC_ClearITPendingBit  stm32f10x_rtc.o
    0x080008ac   0x00000014   Code   RO         1874    i.RTC_EnterConfigMode  stm32f10x_rtc.o
    0x080008c0   0x00000014   Code   RO         1875    i.RTC_ExitConfigMode  stm32f10x_rtc.o
    0x080008d4   0x00000100   Code   RO         4064    i.RTC_Get           rtc.o
    0x080009d4   0x00000014   Code   RO         1876    i.RTC_GetCounter    stm32f10x_rtc.o
    0x080009e8   0x00000024   Code   RO         1879    i.RTC_GetITStatus   stm32f10x_rtc.o
    0x08000a0c   0x00000078   Code   RO         4065    i.RTC_Get_Week      rtc.o
    0x08000a84   0x0000002c   Code   RO         4066    i.RTC_IRQHandler    rtc.o
    0x08000ab0   0x00000020   Code   RO         1880    i.RTC_ITConfig      stm32f10x_rtc.o
    0x08000ad0   0x000000c0   Code   RO         4067    i.RTC_Init          rtc.o
    0x08000b90   0x00000020   Code   RO         4068    i.RTC_NVIC_Config   rtc.o
    0x08000bb0   0x000000c8   Code   RO         4069    i.RTC_Set           rtc.o
    0x08000c78   0x0000001c   Code   RO         1882    i.RTC_SetCounter    stm32f10x_rtc.o
    0x08000c94   0x00000020   Code   RO         1883    i.RTC_SetPrescaler  stm32f10x_rtc.o
    0x08000cb4   0x00000014   Code   RO         1884    i.RTC_WaitForLastTask  stm32f10x_rtc.o
    0x08000cc8   0x00000024   Code   RO         1885    i.RTC_WaitForSynchro  stm32f10x_rtc.o
    0x08000cec   0x00000008   Code   RO         3155    i.SetSysClock       system_stm32f10x.o
    0x08000cf4   0x000000e0   Code   RO         3156    i.SetSysClockTo72   system_stm32f10x.o
    0x08000dd4   0x00000028   Code   RO           28    i.SysTick_CLKSourceConfig  misc.o
    0x08000dfc   0x00000010   Code   RO         3079    i.SysTick_Handler   stm32f10x_it.o
    0x08000e0c   0x00000060   Code   RO         3158    i.SystemInit        system_stm32f10x.o
    0x08000e6c   0x0000001c   Code   RO         4159    i.USART1_IRQHandler  usart.o
    0x08000e88   0x00000018   Code   RO         2844    i.USART_Cmd         stm32f10x_usart.o
    0x08000ea0   0x00000054   Code   RO         2848    i.USART_GetITStatus  stm32f10x_usart.o
    0x08000ef4   0x0000004a   Code   RO         2850    i.USART_ITConfig    stm32f10x_usart.o
    0x08000f3e   0x00000002   PAD
    0x08000f40   0x000000d8   Code   RO         2851    i.USART_Init        stm32f10x_usart.o
    0x08001018   0x0000000a   Code   RO         2858    i.USART_ReceiveData  stm32f10x_usart.o
    0x08001022   0x00000004   Code   RO         3080    i.UsageFault_Handler  stm32f10x_it.o
    0x08001026   0x00000002   PAD
    0x08001028   0x00000050   Code   RO         4206    i._init_            main.o
    0x08001078   0x00000006   Code   RO         4160    i._sys_exit         usart.o
    0x0800107e   0x00000002   PAD
    0x08001080   0x0000005c   Code   RO         4000    i.delay_init        delay.o
    0x080010dc   0x00000044   Code   RO         4001    i.delay_ms          delay.o
    0x08001120   0x0000004c   Code   RO         4002    i.delay_us          delay.o
    0x0800116c   0x0000001c   Code   RO         4161    i.fputc             usart.o
    0x08001188   0x00000040   Code   RO         4207    i.main              main.o
    0x080011c8   0x00000098   Code   RO         3532    i.prvAddCurrentTaskToDelayedList  tasks.o
    0x08001260   0x000000b8   Code   RO         3533    i.prvAddNewTaskToReadyList  tasks.o
    0x08001318   0x00000064   Code   RO         3534    i.prvCheckTasksWaitingTermination  tasks.o
    0x0800137c   0x00000012   Code   RO         3535    i.prvDeleteTCB      tasks.o
    0x0800138e   0x00000002   PAD
    0x08001390   0x0000007c   Code   RO         3862    i.prvHeapInit       heap_4.o
    0x0800140c   0x00000028   Code   RO         3536    i.prvIdleTask       tasks.o
    0x08001434   0x000000b4   Code   RO         3537    i.prvInitialiseNewTask  tasks.o
    0x080014e8   0x00000068   Code   RO         3538    i.prvInitialiseTaskLists  tasks.o
    0x08001550   0x00000068   Code   RO         3863    i.prvInsertBlockIntoFreeList  heap_4.o
    0x080015b8   0x00000034   Code   RO         3540    i.prvResetNextTaskUnblockTime  tasks.o
    0x080015ec   0x00000040   Code   RO         3924    i.prvTaskExitError  port.o
    0x0800162c   0x0000013c   Code   RO         3864    i.pvPortMalloc      heap_4.o
    0x08001768   0x00000024   Code   RO         3925    i.pxPortInitialiseStack  port.o
    0x0800178c   0x00000044   Code   RO         4208    i.start_task        main.o
    0x080017d0   0x000000a4   Code   RO         4162    i.uart_init         usart.o
    0x08001874   0x00000028   Code   RO         3300    i.uxListRemove      list.o
    0x0800189c   0x0000001a   Code   RO         3301    i.vListInitialise   list.o
    0x080018b6   0x00000006   Code   RO         3302    i.vListInitialiseItem  list.o
    0x080018bc   0x00000034   Code   RO         3303    i.vListInsert       list.o
    0x080018f0   0x00000018   Code   RO         3304    i.vListInsertEnd    list.o
    0x08001908   0x00000054   Code   RO         3927    i.vPortEnterCritical  port.o
    0x0800195c   0x0000003c   Code   RO         3928    i.vPortExitCritical  port.o
    0x08001998   0x00000094   Code   RO         3865    i.vPortFree         heap_4.o
    0x08001a2c   0x00000020   Code   RO         3929    i.vPortSetupTimerInterrupt  port.o
    0x08001a4c   0x0000005c   Code   RO         3551    i.vTaskDelay        tasks.o
    0x08001aa8   0x000000f4   Code   RO         3552    i.vTaskDelete       tasks.o
    0x08001b9c   0x00000088   Code   RO         3564    i.vTaskStartScheduler  tasks.o
    0x08001c24   0x00000010   Code   RO         3566    i.vTaskSuspendAll   tasks.o
    0x08001c34   0x0000008c   Code   RO         3567    i.vTaskSwitchContext  tasks.o
    0x08001cc0   0x000000a0   Code   RO         3931    i.xPortStartScheduler  port.o
    0x08001d60   0x00000034   Code   RO         3932    i.xPortSysTickHandler  port.o
    0x08001d94   0x00000060   Code   RO         3569    i.xTaskCreate       tasks.o
    0x08001df4   0x00000020   Code   RO         3573    i.xTaskGetSchedulerState  tasks.o
    0x08001e14   0x00000148   Code   RO         3576    i.xTaskIncrementTick  tasks.o
    0x08001f5c   0x00000104   Code   RO         3582    i.xTaskResumeAll    tasks.o
    0x08002060   0x00000018   Data   RO         4071    .constdata          rtc.o
    0x08002078   0x00000020   Data   RO         4429    Region$$Table       anon$$obj.o


    Execution Region RW_IRAM1 (Base: 0x20000000, Size: 0x00004400, Max: 0x0000c000, ABSOLUTE)

    Base Addr    Size         Type   Attr      Idx    E Section Name        Object

    0x20000000   0x00000014   Data   RW         1704    .data               stm32f10x_rcc.o
    0x20000014   0x00000014   Data   RW         3159    .data               system_stm32f10x.o
    0x20000028   0x0000003c   Data   RW         3585    .data               tasks.o
    0x20000064   0x00000018   Data   RW         3870    .data               heap_4.o
    0x2000007c   0x0000000c   Data   RW         3933    .data               port.o
    0x20000088   0x00000004   Data   RW         4003    .data               delay.o
    0x2000008c   0x00000004   Data   RW         4035    .data               led.o
    0x20000090   0x00000002   Data   RW         4072    .data               rtc.o
    0x20000092   0x00000002   PAD
    0x20000094   0x00000006   Data   RW         4164    .data               usart.o
    0x2000009a   0x00000002   PAD
    0x2000009c   0x00000004   Data   RW         4209    .data               main.o
    0x200000a0   0x000000f0   Zero   RW         3584    .bss                tasks.o
    0x20000190   0x00003c00   Zero   RW         3869    .bss                heap_4.o
    0x20003d90   0x0000000a   Zero   RW         4070    .bss                rtc.o
    0x20003d9a   0x00000002   PAD
    0x20003d9c   0x00000060   Zero   RW         4308    .bss                c_w.l(libspace.o)
    0x20003dfc   0x00000004   PAD
    0x20003e00   0x00000200   Zero   RW           18    HEAP                startup_stm32f10x_hd.o
    0x20004000   0x00000400   Zero   RW           17    STACK               startup_stm32f10x_hd.o


==============================================================================

Image component sizes


      Code (inc. data)   RO Data    RW Data    ZI Data      Debug   Object Name

         0          0          0          0          0       4560   core_cm3.o
       236         28          0          4          0       1863   delay.o
         0          0          0          0          0       9544   event_groups.o
       692         62          0         24      15360       7087   heap_4.o
       100         16          0          4          0       1204   led.o
       148          0          0          0          0       3254   list.o
       212         74          0          4          0       1645   main.o
       172         22          0          0          0     230021   misc.o
       638         66          0         12          0      10056   port.o
       902         36         24          2         10       5626   rtc.o
        64         26        304          0       1536        820   startup_stm32f10x_hd.o
        72         10          0          0          0       2620   stm32f10x_bkp.o
       282          0          0          0          0       2439   stm32f10x_gpio.o
        36          0          0          0          0      13499   stm32f10x_it.o
        12          6          0          0          0        502   stm32f10x_pwr.o
       428         58          0         20          0       7038   stm32f10x_rcc.o
       260         48          0          0          0       5016   stm32f10x_rtc.o
       408          6          0          0          0       4858   stm32f10x_usart.o
       328         28          0         20          0       2325   system_stm32f10x.o
      2174        318          0         60        240      16072   tasks.o
       226         18          0          6          0       4176   usart.o

    ----------------------------------------------------------------------
      7404        822        360        160      17148     334225   Object Totals
         0          0         32          0          0          0   (incl. Generated)
        14          0          0          4          2          0   (incl. Padding)

    ----------------------------------------------------------------------

      Code (inc. data)   RO Data    RW Data    ZI Data      Debug   Library Member Name

         8          0          0          0          0         68   __main.o
        40          0          0          0          0         84   __printf_nopercent.o
         0          0          0          0          0          0   __rtentry.o
        12          0          0          0          0          0   __rtentry2.o
         6          0          0          0          0          0   __rtentry4.o
        52          8          0          0          0          0   __scatter.o
        26          0          0          0          0          0   __scatter_copy.o
        28          0          0          0          0          0   __scatter_zi.o
        48          6          0          0          0         96   _printf_char_common.o
        36          4          0          0          0         80   _printf_char_file.o
        16          0          0          0          0         68   aeabi_memset.o
        12          0          0          0          0         72   exit.o
         8          0          0          0          0         68   ferror.o
         6          0          0          0          0        152   heapauxi.o
         2          0          0          0          0          0   libinit.o
         2          0          0          0          0          0   libinit2.o
         2          0          0          0          0          0   libshutdown.o
         2          0          0          0          0          0   libshutdown2.o
         8          4          0          0         96         68   libspace.o
        24          4          0          0          0         84   noretval__2printf.o
        68          0          0          0          0         68   rt_memclr.o
        78          0          0          0          0         80   rt_memclr_w.o
         2          0          0          0          0          0   rtexit.o
        10          0          0          0          0          0   rtexit2.o
        74          0          0          0          0         80   sys_stackheap_outer.o
         2          0          0          0          0         68   use_no_semi.o
         2          0          0          0          0         68   use_no_semi_2.o

    ----------------------------------------------------------------------
       580         26          0          0        100       1204   Library Totals
         6          0          0          0          4          0   (incl. Padding)

    ----------------------------------------------------------------------

      Code (inc. data)   RO Data    RW Data    ZI Data      Debug   Library Name

       574         26          0          0         96       1204   c_w.l

    ----------------------------------------------------------------------
       580         26          0          0        100       1204   Library Totals

    ----------------------------------------------------------------------

==============================================================================


      Code (inc. data)   RO Data    RW Data    ZI Data      Debug   

      7984        848        360        160      17248     330225   Grand Totals
      7984        848        360        160      17248     330225   ELF Image Totals
      7984        848        360        160          0          0   ROM Totals

==============================================================================

    Total RO  Size (Code + RO Data)                 8344 (   8.15kB)
    Total RW  Size (RW Data + ZI Data)             17408 (  17.00kB)
    Total ROM Size (Code + RO Data + RW Data)       8504 (   8.30kB)

==============================================================================

